<?xml version="1.0" encoding="UTF-8"?>
<OmniDataTransform xmlns="http://soap.sforce.com/2006/04/metadata">
    <active>false</active>
    <assignmentRulesUsed>false</assignmentRulesUsed>
    <deletedOnSuccess>false</deletedOnSuccess>
    <description>CreateInteraction</description>
    <errorIgnored>false</errorIgnored>
    <expectedInputJson>{
  &quot;consoleCardLayout&quot; : null,
  &quot;drBundleName&quot; : null,
  &quot;integrationProcName&quot; : &quot;CustomerInteraction_Creation&quot;,
  &quot;interactionObjName&quot; : &quot;CustomerInteraction&quot;,
  &quot;moreRequests&quot; : null,
  &quot;numOfOptionalVerificationFields&quot; : null,
  &quot;optionalVerificationFieldList&quot; : [ ],
  &quot;parentId&quot; : null,
  &quot;recordId&quot; : &quot;0014600000n4MwLAAU&quot;,
  &quot;request&quot; : {
    &quot;additionalData&quot; : null,
    &quot;continueSearch&quot; : false,
    &quot;displaySequence&quot; : 1,
    &quot;fieldPicklistValues&quot; : { },
    &quot;isClassBased&quot; : false,
    &quot;lastRecordId&quot; : null,
    &quot;previousSearchResults&quot; : null,
    &quot;recordOffset&quot; : null,
    &quot;referenceObjectName&quot; : null,
    &quot;requestUniqueName&quot; : &quot;InteractionAccount&quot;,
    &quot;searchFieldList&quot; : [ &quot;Name&quot; ],
    &quot;searchFieldsLabelTypeMap&quot; : {
      &quot;Name&quot; : {
        &quot;datatype&quot; : &quot;text&quot;,
        &quot;label&quot; : &quot;Account Name&quot;
      }
    },
    &quot;searchObjectLabel&quot; : &quot;InteractionAccount&quot;,
    &quot;searchObjectName&quot; : &quot;Account&quot;,
    &quot;searchType&quot; : &quot;Caller Identification&quot;,
    &quot;searchValueMap&quot; : {
      &quot;Name&quot; : &quot;*&quot;
    }
  },
  &quot;resultFieldList&quot; : [ &quot;Name&quot;, &quot;BillingStreet&quot;, &quot;BillingCity&quot; ],
  &quot;resultFieldsLabelTypeMap&quot; : {
    &quot;BillingCity&quot; : {
      &quot;datatype&quot; : &quot;text&quot;,
      &quot;label&quot; : &quot;Billing City&quot;
    },
    &quot;BillingStreet&quot; : {
      &quot;datatype&quot; : &quot;text&quot;,
      &quot;label&quot; : &quot;Billing Street&quot;
    },
    &quot;Name&quot; : {
      &quot;datatype&quot; : &quot;text&quot;,
      &quot;label&quot; : &quot;Account Name&quot;
    }
  },
  &quot;resultValueMap&quot; : {
    &quot;BillingCity&quot; : null,
    &quot;BillingStreet&quot; : null,
    &quot;Name&quot; : &quot;testsetest&quot;
  },
  &quot;uniqueRequestName&quot; : &quot;InteractionAccount&quot;,
  &quot;verificationFieldList&quot; : [ &quot;Name&quot;, &quot;BillingStreet&quot;, &quot;BillingCity&quot; ],
  &quot;verificationResult&quot; : {
    &quot;BillingCity&quot; : null,
    &quot;BillingStreet&quot; : null,
    &quot;Name&quot; : null,
    &quot;fields&quot; : {
      &quot;BillingCity&quot; : true,
      &quot;BillingStreet&quot; : true,
      &quot;Name&quot; : true
    }
  }
}</expectedInputJson>
    <fieldLevelSecurityEnabled>false</fieldLevelSecurityEnabled>
    <inputType>JSON</inputType>
    <name>CreateInteractionContact</name>
    <nullInputsIncludedInOutput>false</nullInputsIncludedInOutput>
    <omniDataTransformItem>
        <disabled>false</disabled>
        <filterGroup>0.0</filterGroup>
        <formulaSequence>0.0</formulaSequence>
        <globalKey>CreateInteractionContactCustoma0L46000000B5VkEAKItem3</globalKey>
        <inputFieldName>parentId</inputFieldName>
        <inputObjectName>json</inputObjectName>
        <inputObjectQuerySequence>0.0</inputObjectQuerySequence>
        <linkedObjectSequence>0.0</linkedObjectSequence>
        <name>CreateInteractionContact</name>
        <outputCreationSequence>1.0</outputCreationSequence>
        <outputFieldName>vlocity_ins__AccountId__c</outputFieldName>
        <outputObjectName>vlocity_ins__CustomerInteraction__c</outputObjectName>
        <requiredForUpsert>false</requiredForUpsert>
        <upsertKey>false</upsertKey>
    </omniDataTransformItem>
    <omniDataTransformItem>
        <defaultValue>Contact Center</defaultValue>
        <disabled>false</disabled>
        <filterGroup>0.0</filterGroup>
        <formulaSequence>0.0</formulaSequence>
        <globalKey>CreateInteractionContactCustoma0L46000000B5VkEAKItem0</globalKey>
        <inputFieldName>channel</inputFieldName>
        <inputObjectName>json</inputObjectName>
        <inputObjectQuerySequence>0.0</inputObjectQuerySequence>
        <linkedObjectSequence>0.0</linkedObjectSequence>
        <name>CreateInteractionContact</name>
        <outputCreationSequence>1.0</outputCreationSequence>
        <outputFieldName>vlocity_ins__Channel__c</outputFieldName>
        <outputObjectName>vlocity_ins__CustomerInteraction__c</outputObjectName>
        <requiredForUpsert>false</requiredForUpsert>
        <upsertKey>false</upsertKey>
    </omniDataTransformItem>
    <omniDataTransformItem>
        <disabled>false</disabled>
        <filterGroup>0.0</filterGroup>
        <formulaSequence>0.0</formulaSequence>
        <globalKey>CreateInteractionContactCustoma0L46000000B5VkEAKItem4</globalKey>
        <inputFieldName>resultValueMap:Name</inputFieldName>
        <inputObjectName>json</inputObjectName>
        <inputObjectQuerySequence>0.0</inputObjectQuerySequence>
        <linkedObjectSequence>0.0</linkedObjectSequence>
        <name>CreateInteractionContact</name>
        <outputCreationSequence>1.0</outputCreationSequence>
        <outputFieldName>Name</outputFieldName>
        <outputObjectName>vlocity_ins__CustomerInteraction__c</outputObjectName>
        <requiredForUpsert>false</requiredForUpsert>
        <upsertKey>false</upsertKey>
    </omniDataTransformItem>
    <omniDataTransformItem>
        <disabled>false</disabled>
        <filterGroup>0.0</filterGroup>
        <formulaSequence>0.0</formulaSequence>
        <globalKey>CreateInteractionContactCustoma0L46000000B5VkEAKItem2</globalKey>
        <inputFieldName>recordId</inputFieldName>
        <inputObjectName>json</inputObjectName>
        <inputObjectQuerySequence>0.0</inputObjectQuerySequence>
        <linkedObjectSequence>0.0</linkedObjectSequence>
        <name>CreateInteractionContact</name>
        <outputCreationSequence>1.0</outputCreationSequence>
        <outputFieldName>vlocity_ins__ContactId__c</outputFieldName>
        <outputObjectName>vlocity_ins__CustomerInteraction__c</outputObjectName>
        <requiredForUpsert>false</requiredForUpsert>
        <upsertKey>false</upsertKey>
    </omniDataTransformItem>
    <omniDataTransformItem>
        <disabled>false</disabled>
        <filterGroup>0.0</filterGroup>
        <formulaSequence>0.0</formulaSequence>
        <globalKey>CreateInteractionContactCustoma0L46000000B5VkEAKItem1</globalKey>
        <inputFieldName>consoleCardLayout</inputFieldName>
        <inputObjectName>json</inputObjectName>
        <inputObjectQuerySequence>0.0</inputObjectQuerySequence>
        <linkedObjectSequence>0.0</linkedObjectSequence>
        <name>CreateInteractionContact</name>
        <outputCreationSequence>1.0</outputCreationSequence>
        <outputFieldName>vlocity_ins__ConsoleCardLayout__c</outputFieldName>
        <outputObjectName>vlocity_ins__CustomerInteraction__c</outputObjectName>
        <requiredForUpsert>false</requiredForUpsert>
        <upsertKey>false</upsertKey>
    </omniDataTransformItem>
    <omniDataTransformItem>
        <defaultValue>Call</defaultValue>
        <disabled>false</disabled>
        <filterGroup>0.0</filterGroup>
        <formulaSequence>0.0</formulaSequence>
        <globalKey>CreateInteractionContactCustoma0L46000000B5VkEAKItem6</globalKey>
        <inputFieldName>type</inputFieldName>
        <inputObjectName>json</inputObjectName>
        <inputObjectQuerySequence>0.0</inputObjectQuerySequence>
        <linkedObjectSequence>0.0</linkedObjectSequence>
        <name>CreateInteractionContact</name>
        <outputCreationSequence>1.0</outputCreationSequence>
        <outputFieldName>vlocity_ins__Type__c</outputFieldName>
        <outputObjectName>vlocity_ins__CustomerInteraction__c</outputObjectName>
        <requiredForUpsert>false</requiredForUpsert>
        <upsertKey>false</upsertKey>
    </omniDataTransformItem>
    <omniDataTransformItem>
        <defaultValue>In Progress</defaultValue>
        <disabled>false</disabled>
        <filterGroup>0.0</filterGroup>
        <formulaSequence>0.0</formulaSequence>
        <globalKey>CreateInteractionContactCustoma0L46000000B5VkEAKItem5</globalKey>
        <inputFieldName>status</inputFieldName>
        <inputObjectName>json</inputObjectName>
        <inputObjectQuerySequence>0.0</inputObjectQuerySequence>
        <linkedObjectSequence>0.0</linkedObjectSequence>
        <name>CreateInteractionContact</name>
        <outputCreationSequence>1.0</outputCreationSequence>
        <outputFieldName>vlocity_ins__Status__c</outputFieldName>
        <outputObjectName>vlocity_ins__CustomerInteraction__c</outputObjectName>
        <requiredForUpsert>false</requiredForUpsert>
        <upsertKey>false</upsertKey>
    </omniDataTransformItem>
    <omniDataTransformItem>
        <disabled>false</disabled>
        <filterGroup>0.0</filterGroup>
        <formulaSequence>0.0</formulaSequence>
        <globalKey>CreateInteractionContactCustoma0L46000000B5VkEAKItem9</globalKey>
        <inputFieldName>verificationResult:username</inputFieldName>
        <inputObjectName>json</inputObjectName>
        <inputObjectQuerySequence>0.0</inputObjectQuerySequence>
        <linkedObjectSequence>0.0</linkedObjectSequence>
        <name>CreateInteractionContact</name>
        <outputCreationSequence>1.0</outputCreationSequence>
        <outputFieldName>vlocity_ins__VerifiedAgentName__c</outputFieldName>
        <outputObjectName>vlocity_ins__CustomerInteraction__c</outputObjectName>
        <requiredForUpsert>false</requiredForUpsert>
        <upsertKey>false</upsertKey>
    </omniDataTransformItem>
    <omniDataTransformItem>
        <disabled>false</disabled>
        <filterGroup>0.0</filterGroup>
        <formulaSequence>0.0</formulaSequence>
        <globalKey>CreateInteractionContactCustoma0L46000000B5VkEAKItem8</globalKey>
        <inputFieldName>verificationResult:timestamp</inputFieldName>
        <inputObjectName>json</inputObjectName>
        <inputObjectQuerySequence>0.0</inputObjectQuerySequence>
        <linkedObjectSequence>0.0</linkedObjectSequence>
        <name>CreateInteractionContact</name>
        <outputCreationSequence>1.0</outputCreationSequence>
        <outputFieldName>vlocity_ins__VerificationTimestamp__c</outputFieldName>
        <outputObjectName>vlocity_ins__CustomerInteraction__c</outputObjectName>
        <requiredForUpsert>false</requiredForUpsert>
        <upsertKey>false</upsertKey>
    </omniDataTransformItem>
    <omniDataTransformItem>
        <disabled>false</disabled>
        <filterGroup>0.0</filterGroup>
        <formulaSequence>0.0</formulaSequence>
        <globalKey>CreateInteractionContactCustoma0L46000000B5VkEAKItem7</globalKey>
        <inputFieldName>verificationResult:status</inputFieldName>
        <inputObjectName>json</inputObjectName>
        <inputObjectQuerySequence>0.0</inputObjectQuerySequence>
        <linkedObjectSequence>0.0</linkedObjectSequence>
        <name>CreateInteractionContact</name>
        <outputCreationSequence>1.0</outputCreationSequence>
        <outputFieldName>vlocity_ins__Verified__c</outputFieldName>
        <outputObjectName>vlocity_ins__CustomerInteraction__c</outputObjectName>
        <requiredForUpsert>false</requiredForUpsert>
        <upsertKey>false</upsertKey>
    </omniDataTransformItem>
    <outputType>SObject</outputType>
    <previewJsonData>{
  &quot;verificationResult&quot; : {
    &quot;BillingCity&quot; : null,
    &quot;BillingStreet&quot; : null,
    &quot;Name&quot; : null,
    &quot;fields&quot; : {
      &quot;BillingStreet&quot; : true,
      &quot;BillingCity&quot; : true,
      &quot;Name&quot; : true
    }
  },
  &quot;verificationFieldList&quot; : [ &quot;Name&quot;, &quot;BillingStreet&quot;, &quot;BillingCity&quot; ],
  &quot;uniqueRequestName&quot; : &quot;InteractionAccount&quot;,
  &quot;resultValueMap&quot; : {
    &quot;BillingCity&quot; : null,
    &quot;BillingStreet&quot; : null,
    &quot;Name&quot; : &quot;testsetest&quot;
  },
  &quot;resultFieldsLabelTypeMap&quot; : {
    &quot;BillingCity&quot; : {
      &quot;label&quot; : &quot;Billing City&quot;,
      &quot;datatype&quot; : &quot;text&quot;
    },
    &quot;BillingStreet&quot; : {
      &quot;label&quot; : &quot;Billing Street&quot;,
      &quot;datatype&quot; : &quot;text&quot;
    },
    &quot;Name&quot; : {
      &quot;label&quot; : &quot;Account Name&quot;,
      &quot;datatype&quot; : &quot;text&quot;
    }
  },
  &quot;resultFieldList&quot; : [ &quot;Name&quot;, &quot;BillingStreet&quot;, &quot;BillingCity&quot; ],
  &quot;request&quot; : {
    &quot;searchValueMap&quot; : {
      &quot;Name&quot; : &quot;*&quot;
    },
    &quot;searchType&quot; : &quot;Caller Identification&quot;,
    &quot;searchObjectName&quot; : &quot;Account&quot;,
    &quot;searchObjectLabel&quot; : &quot;InteractionAccount&quot;,
    &quot;searchFieldsLabelTypeMap&quot; : {
      &quot;Name&quot; : {
        &quot;label&quot; : &quot;Account Name&quot;,
        &quot;datatype&quot; : &quot;text&quot;
      }
    },
    &quot;searchFieldList&quot; : [ &quot;Name&quot; ],
    &quot;requestUniqueName&quot; : &quot;InteractionAccount&quot;,
    &quot;referenceObjectName&quot; : null,
    &quot;recordOffset&quot; : null,
    &quot;previousSearchResults&quot; : null,
    &quot;lastRecordId&quot; : null,
    &quot;isClassBased&quot; : false,
    &quot;fieldPicklistValues&quot; : { },
    &quot;displaySequence&quot; : 1,
    &quot;continueSearch&quot; : false,
    &quot;additionalData&quot; : null
  },
  &quot;recordId&quot; : &quot;0014600000n4MwLAAU&quot;,
  &quot;optionalVerificationFieldList&quot; : [ ],
  &quot;numOfOptionalVerificationFields&quot; : null,
  &quot;moreRequests&quot; : null,
  &quot;interactionObjName&quot; : &quot;CustomerInteraction&quot;,
  &quot;integrationProcName&quot; : &quot;CustomerInteraction_Creation&quot;,
  &quot;drBundleName&quot; : null,
  &quot;consoleCardLayout&quot; : null,
  &quot;parentId&quot; : null
}</previewJsonData>
    <processSuperBulk>false</processSuperBulk>
    <responseCacheTtlMinutes>0.0</responseCacheTtlMinutes>
    <rollbackOnError>false</rollbackOnError>
    <sourceObject>json</sourceObject>
    <sourceObjectDefault>false</sourceObjectDefault>
    <synchronousProcessThreshold>0.0</synchronousProcessThreshold>
    <type>Load</type>
    <uniqueName>CreateInteractionContact_1</uniqueName>
    <versionNumber>1.0</versionNumber>
    <xmlDeclarationRemoved>false</xmlDeclarationRemoved>
</OmniDataTransform>
