<?xml version="1.0" encoding="UTF-8"?>
<OmniDataTransform xmlns="http://soap.sforce.com/2006/04/metadata">
    <active>false</active>
    <assignmentRulesUsed>false</assignmentRulesUsed>
    <deletedOnSuccess>false</deletedOnSuccess>
    <errorIgnored>false</errorIgnored>
    <fieldLevelSecurityEnabled>false</fieldLevelSecurityEnabled>
    <inputType>JSON</inputType>
    <name>InsAccountTransactions</name>
    <nullInputsIncludedInOutput>false</nullInputsIncludedInOutput>
    <omniDataTransformItem>
        <disabled>false</disabled>
        <filterGroup>0.0</filterGroup>
        <globalKey>InsAccountTransactionsCustoma0O3h000001bpcAEAQItem24</globalKey>
        <inputFieldName>Asset:Name</inputFieldName>
        <inputObjectQuerySequence>0.0</inputObjectQuerySequence>
        <linkedObjectSequence>0.0</linkedObjectSequence>
        <name>InsAccountTransactions</name>
        <outputCreationSequence>1.0</outputCreationSequence>
        <outputFieldName>Asset:Title</outputFieldName>
        <outputObjectName>json</outputObjectName>
        <requiredForUpsert>false</requiredForUpsert>
        <upsertKey>false</upsertKey>
    </omniDataTransformItem>
    <omniDataTransformItem>
        <disabled>false</disabled>
        <filterGroup>0.0</filterGroup>
        <globalKey>InsAccountTransactionsCustoma0O3h000001bpcAEAQItem50</globalKey>
        <inputFieldName>assettargetType</inputFieldName>
        <inputObjectQuerySequence>0.0</inputObjectQuerySequence>
        <linkedObjectSequence>0.0</linkedObjectSequence>
        <name>InsAccountTransactions</name>
        <outputCreationSequence>1.0</outputCreationSequence>
        <outputFieldName>Asset:TargetType</outputFieldName>
        <outputObjectName>json</outputObjectName>
        <requiredForUpsert>false</requiredForUpsert>
        <upsertKey>false</upsertKey>
    </omniDataTransformItem>
    <omniDataTransformItem>
        <disabled>false</disabled>
        <filterGroup>0.0</filterGroup>
        <globalKey>InsAccountTransactionsCustoma0O3h000001bpcAEAQItem32</globalKey>
        <inputFieldName>Case:Id</inputFieldName>
        <inputObjectQuerySequence>0.0</inputObjectQuerySequence>
        <linkedObjectSequence>0.0</linkedObjectSequence>
        <name>InsAccountTransactions</name>
        <outputCreationSequence>1.0</outputCreationSequence>
        <outputFieldName>Case:Id</outputFieldName>
        <outputObjectName>json</outputObjectName>
        <requiredForUpsert>false</requiredForUpsert>
        <upsertKey>false</upsertKey>
    </omniDataTransformItem>
    <omniDataTransformItem>
        <disabled>false</disabled>
        <filterGroup>0.0</filterGroup>
        <globalKey>InsAccountTransactionsCustoma0O3h000001bpcAEAQItem27</globalKey>
        <inputFieldName>Case:LastModifiedDate</inputFieldName>
        <inputObjectQuerySequence>0.0</inputObjectQuerySequence>
        <linkedObjectSequence>0.0</linkedObjectSequence>
        <name>InsAccountTransactions</name>
        <outputCreationSequence>1.0</outputCreationSequence>
        <outputFieldName>Case:Date</outputFieldName>
        <outputObjectName>json</outputObjectName>
        <requiredForUpsert>false</requiredForUpsert>
        <upsertKey>false</upsertKey>
    </omniDataTransformItem>
    <omniDataTransformItem>
        <disabled>false</disabled>
        <filterGroup>0.0</filterGroup>
        <globalKey>InsAccountTransactionsCustoma0O3h000001bpcAEAQItem42</globalKey>
        <inputFieldName>Case:CaseNumber</inputFieldName>
        <inputObjectQuerySequence>0.0</inputObjectQuerySequence>
        <linkedObjectSequence>0.0</linkedObjectSequence>
        <name>InsAccountTransactions</name>
        <outputCreationSequence>1.0</outputCreationSequence>
        <outputFieldName>Case:Subtitle</outputFieldName>
        <outputObjectName>json</outputObjectName>
        <requiredForUpsert>false</requiredForUpsert>
        <upsertKey>false</upsertKey>
    </omniDataTransformItem>
    <omniDataTransformItem>
        <disabled>false</disabled>
        <filterGroup>0.0</filterGroup>
        <globalKey>InsAccountTransactionsCustoma0O3h000001bpcAEAQItem39</globalKey>
        <inputFieldName>Case:Status</inputFieldName>
        <inputObjectQuerySequence>0.0</inputObjectQuerySequence>
        <linkedObjectSequence>0.0</linkedObjectSequence>
        <name>InsAccountTransactions</name>
        <outputCreationSequence>1.0</outputCreationSequence>
        <outputFieldName>Case:Status</outputFieldName>
        <outputObjectName>json</outputObjectName>
        <requiredForUpsert>false</requiredForUpsert>
        <upsertKey>false</upsertKey>
    </omniDataTransformItem>
    <omniDataTransformItem>
        <disabled>false</disabled>
        <filterGroup>0.0</filterGroup>
        <filterOperator>LIMIT</filterOperator>
        <filterValue>1</filterValue>
        <globalKey>InsAccountTransactionsCustoma0O3h000001bpcAEAQItem13</globalKey>
        <inputObjectName>Case</inputObjectName>
        <inputObjectQuerySequence>2.0</inputObjectQuerySequence>
        <linkedObjectSequence>0.0</linkedObjectSequence>
        <name>InsAccountTransactions</name>
        <outputCreationSequence>0.0</outputCreationSequence>
        <outputFieldName>Case</outputFieldName>
        <outputObjectName>json</outputObjectName>
        <requiredForUpsert>false</requiredForUpsert>
        <upsertKey>false</upsertKey>
    </omniDataTransformItem>
    <omniDataTransformItem>
        <disabled>false</disabled>
        <filterGroup>0.0</filterGroup>
        <globalKey>InsAccountTransactionsCustoma0O3h000001bpcAEAQItem46</globalKey>
        <inputFieldName>casetargetType</inputFieldName>
        <inputObjectQuerySequence>0.0</inputObjectQuerySequence>
        <linkedObjectSequence>0.0</linkedObjectSequence>
        <name>InsAccountTransactions</name>
        <outputCreationSequence>1.0</outputCreationSequence>
        <outputFieldName>Case:TargetType</outputFieldName>
        <outputObjectName>json</outputObjectName>
        <requiredForUpsert>false</requiredForUpsert>
        <upsertKey>false</upsertKey>
    </omniDataTransformItem>
    <omniDataTransformItem>
        <disabled>false</disabled>
        <filterGroup>0.0</filterGroup>
        <globalKey>InsAccountTransactionsCustoma0O3h000001bpcAEAQItem21</globalKey>
        <inputFieldName>Case:Description</inputFieldName>
        <inputObjectQuerySequence>0.0</inputObjectQuerySequence>
        <linkedObjectSequence>0.0</linkedObjectSequence>
        <name>InsAccountTransactions</name>
        <outputCreationSequence>1.0</outputCreationSequence>
        <outputFieldName>Case:Title</outputFieldName>
        <outputObjectName>json</outputObjectName>
        <requiredForUpsert>false</requiredForUpsert>
        <upsertKey>false</upsertKey>
    </omniDataTransformItem>
    <omniDataTransformItem>
        <disabled>false</disabled>
        <filterGroup>0.0</filterGroup>
        <globalKey>InsAccountTransactionsCustoma0O3h000001bpcAEAQItem33</globalKey>
        <inputFieldName>Asset:SerialNumber</inputFieldName>
        <inputObjectQuerySequence>0.0</inputObjectQuerySequence>
        <linkedObjectSequence>0.0</linkedObjectSequence>
        <name>InsAccountTransactions</name>
        <outputCreationSequence>1.0</outputCreationSequence>
        <outputFieldName>Asset:Subtitle</outputFieldName>
        <outputObjectName>json</outputObjectName>
        <requiredForUpsert>false</requiredForUpsert>
        <upsertKey>false</upsertKey>
    </omniDataTransformItem>
    <omniDataTransformItem>
        <disabled>false</disabled>
        <filterGroup>0.0</filterGroup>
        <globalKey>InsAccountTransactionsCustoma0O3h000001bpcAEAQItem37</globalKey>
        <inputFieldName>Asset:Status</inputFieldName>
        <inputObjectQuerySequence>0.0</inputObjectQuerySequence>
        <linkedObjectSequence>0.0</linkedObjectSequence>
        <name>InsAccountTransactions</name>
        <outputCreationSequence>1.0</outputCreationSequence>
        <outputFieldName>Asset:Status</outputFieldName>
        <outputObjectName>json</outputObjectName>
        <requiredForUpsert>false</requiredForUpsert>
        <upsertKey>false</upsertKey>
    </omniDataTransformItem>
    <omniDataTransformItem>
        <disabled>false</disabled>
        <filterGroup>0.0</filterGroup>
        <globalKey>InsAccountTransactionsCustom1184</globalKey>
        <inputFieldName>insurancepolicytargetType</inputFieldName>
        <inputObjectQuerySequence>0.0</inputObjectQuerySequence>
        <linkedObjectSequence>0.0</linkedObjectSequence>
        <name>InsAccountTransactions</name>
        <outputCreationSequence>1.0</outputCreationSequence>
        <outputFieldName>InsurancePolicy:TargetType</outputFieldName>
        <outputObjectName>json</outputObjectName>
        <requiredForUpsert>false</requiredForUpsert>
        <upsertKey>false</upsertKey>
    </omniDataTransformItem>
    <omniDataTransformItem>
        <disabled>false</disabled>
        <filterGroup>0.0</filterGroup>
        <formulaConverted>| var:Task:TaskSubtype | &apos;Type/\/\/&apos; var:Task:TaskSubtype CONCAT $Vlocity.NULL IF</formulaConverted>
        <formulaExpression>IF(Task:TaskSubtype,CONCAT(&apos;Type &apos;,Task:TaskSubtype),$Vlocity.NULL)</formulaExpression>
        <formulaResultPath>Task:TaskSubtype</formulaResultPath>
        <formulaSequence>4.0</formulaSequence>
        <globalKey>InsAccountTransactionsCustoma0O3h000001bpcAEAQItem6</globalKey>
        <inputObjectQuerySequence>0.0</inputObjectQuerySequence>
        <linkedObjectSequence>0.0</linkedObjectSequence>
        <name>InsAccountTransactions</name>
        <outputCreationSequence>0.0</outputCreationSequence>
        <outputFieldName>Formula</outputFieldName>
        <outputObjectName>Formula</outputObjectName>
        <requiredForUpsert>false</requiredForUpsert>
        <upsertKey>false</upsertKey>
    </omniDataTransformItem>
    <omniDataTransformItem>
        <disabled>false</disabled>
        <filterGroup>0.0</filterGroup>
        <formulaConverted>| var:Case:CaseNumber | &apos;Case/\/\/&apos; var:Case:CaseNumber CONCAT $Vlocity.NULL IF</formulaConverted>
        <formulaExpression>IF(Case:CaseNumber,CONCAT(&apos;Case &apos;,Case:CaseNumber),$Vlocity.NULL)</formulaExpression>
        <formulaResultPath>Case:CaseNumber</formulaResultPath>
        <formulaSequence>3.0</formulaSequence>
        <globalKey>InsAccountTransactionsCustoma0O3h000001bpcAEAQItem7</globalKey>
        <inputObjectQuerySequence>0.0</inputObjectQuerySequence>
        <linkedObjectSequence>0.0</linkedObjectSequence>
        <name>InsAccountTransactions</name>
        <outputCreationSequence>0.0</outputCreationSequence>
        <outputFieldName>Formula</outputFieldName>
        <outputObjectName>Formula</outputObjectName>
        <requiredForUpsert>false</requiredForUpsert>
        <upsertKey>false</upsertKey>
    </omniDataTransformItem>
    <omniDataTransformItem>
        <disabled>false</disabled>
        <filterGroup>0.0</filterGroup>
        <globalKey>InsAccountTransactionsCustom4487</globalKey>
        <inputFieldName>InsurancePolicy:PolicyName</inputFieldName>
        <inputObjectQuerySequence>0.0</inputObjectQuerySequence>
        <linkedObjectSequence>0.0</linkedObjectSequence>
        <name>InsAccountTransactions</name>
        <outputCreationSequence>1.0</outputCreationSequence>
        <outputFieldName>InsurancePolicy:Subtitle</outputFieldName>
        <outputObjectName>json</outputObjectName>
        <requiredForUpsert>false</requiredForUpsert>
        <upsertKey>false</upsertKey>
    </omniDataTransformItem>
    <omniDataTransformItem>
        <disabled>false</disabled>
        <filterGroup>0.0</filterGroup>
        <formulaConverted>| var:Task:Id &apos;Task&apos; $Vlocity.NULL IF</formulaConverted>
        <formulaExpression>IF(Task:Id,&apos;Task&apos;,$Vlocity.NULL)</formulaExpression>
        <formulaResultPath>tasktargetType</formulaResultPath>
        <formulaSequence>6.0</formulaSequence>
        <globalKey>InsAccountTransactionsCustoma0O3h000001bpcAEAQItem5</globalKey>
        <inputObjectQuerySequence>0.0</inputObjectQuerySequence>
        <linkedObjectSequence>0.0</linkedObjectSequence>
        <name>InsAccountTransactions</name>
        <outputCreationSequence>0.0</outputCreationSequence>
        <outputFieldName>Formula</outputFieldName>
        <outputObjectName>Formula</outputObjectName>
        <requiredForUpsert>false</requiredForUpsert>
        <upsertKey>false</upsertKey>
    </omniDataTransformItem>
    <omniDataTransformItem>
        <disabled>false</disabled>
        <filterGroup>0.0</filterGroup>
        <globalKey>InsAccountTransactionsCustom7264</globalKey>
        <inputFieldName>InsurancePolicyTransaction:LastModifiedDate</inputFieldName>
        <inputObjectQuerySequence>0.0</inputObjectQuerySequence>
        <linkedObjectSequence>0.0</linkedObjectSequence>
        <name>InsAccountTransactions</name>
        <outputCreationSequence>1.0</outputCreationSequence>
        <outputFieldName>InsurancePolicyTransaction:Date</outputFieldName>
        <outputObjectName>json</outputObjectName>
        <requiredForUpsert>false</requiredForUpsert>
        <upsertKey>false</upsertKey>
    </omniDataTransformItem>
    <omniDataTransformItem>
        <disabled>false</disabled>
        <filterGroup>0.0</filterGroup>
        <formulaConverted>| var:Transactions:vlocity_ins__TotalAmount__c | var:Transactions:vlocity_ins__TotalAmount__c &apos;/\/\/Amount&apos; CONCAT $Vlocity.NULL IF</formulaConverted>
        <formulaExpression>IF(Transactions:vlocity_ins__TotalAmount__c,CONCAT(Transactions:vlocity_ins__TotalAmount__c,&apos; Amount&apos;),$Vlocity.NULL)</formulaExpression>
        <formulaResultPath>Transactions:vlocity_ins__TotalAmount__c</formulaResultPath>
        <formulaSequence>5.0</formulaSequence>
        <globalKey>InsAccountTransactionsCustoma0O3h000001bpcAEAQItem8</globalKey>
        <inputObjectQuerySequence>0.0</inputObjectQuerySequence>
        <linkedObjectSequence>0.0</linkedObjectSequence>
        <name>InsAccountTransactions</name>
        <outputCreationSequence>0.0</outputCreationSequence>
        <outputFieldName>Formula</outputFieldName>
        <outputObjectName>Formula</outputObjectName>
        <requiredForUpsert>false</requiredForUpsert>
        <upsertKey>false</upsertKey>
    </omniDataTransformItem>
    <omniDataTransformItem>
        <disabled>false</disabled>
        <filterGroup>0.0</filterGroup>
        <globalKey>InsAccountTransactionsCustom5316</globalKey>
        <inputFieldName>InsurancePolicy:Name</inputFieldName>
        <inputObjectQuerySequence>0.0</inputObjectQuerySequence>
        <linkedObjectSequence>0.0</linkedObjectSequence>
        <name>InsAccountTransactions</name>
        <outputCreationSequence>1.0</outputCreationSequence>
        <outputFieldName>InsurancePolicy:Title</outputFieldName>
        <outputObjectName>json</outputObjectName>
        <requiredForUpsert>false</requiredForUpsert>
        <upsertKey>false</upsertKey>
    </omniDataTransformItem>
    <omniDataTransformItem>
        <disabled>false</disabled>
        <filterGroup>0.0</filterGroup>
        <globalKey>InsAccountTransactionsCustom263</globalKey>
        <inputFieldName>InsurancePolicyTransaction:Id</inputFieldName>
        <inputObjectQuerySequence>0.0</inputObjectQuerySequence>
        <linkedObjectSequence>0.0</linkedObjectSequence>
        <name>InsAccountTransactions</name>
        <outputCreationSequence>1.0</outputCreationSequence>
        <outputFieldName>InsurancePolicyTransaction:Id</outputFieldName>
        <outputObjectName>json</outputObjectName>
        <requiredForUpsert>false</requiredForUpsert>
        <upsertKey>false</upsertKey>
    </omniDataTransformItem>
    <omniDataTransformItem>
        <disabled>false</disabled>
        <filterGroup>0.0</filterGroup>
        <formulaConverted>| var:Claims:Id &apos;insuranceclaim&apos; $Vlocity.NULL IF</formulaConverted>
        <formulaExpression>IF(Claims:Id,&apos;insuranceclaim&apos;,$Vlocity.NULL)</formulaExpression>
        <formulaResultPath>claimtargetType</formulaResultPath>
        <formulaSequence>8.0</formulaSequence>
        <globalKey>InsAccountTransactionsCustoma0O3h000001bpcAEAQItem3</globalKey>
        <inputObjectQuerySequence>0.0</inputObjectQuerySequence>
        <linkedObjectSequence>0.0</linkedObjectSequence>
        <name>InsAccountTransactions</name>
        <outputCreationSequence>0.0</outputCreationSequence>
        <outputFieldName>Formula</outputFieldName>
        <outputObjectName>Formula</outputObjectName>
        <requiredForUpsert>false</requiredForUpsert>
        <upsertKey>false</upsertKey>
    </omniDataTransformItem>
    <omniDataTransformItem>
        <disabled>false</disabled>
        <filterGroup>0.0</filterGroup>
        <formulaConverted>| var:Asset:Id &apos;Asset&apos; $Vlocity.NULL IF</formulaConverted>
        <formulaExpression>IF(Asset:Id,&apos;Asset&apos;,$Vlocity.NULL)</formulaExpression>
        <formulaResultPath>assettargetType</formulaResultPath>
        <formulaSequence>7.0</formulaSequence>
        <globalKey>InsAccountTransactionsCustoma0O3h000001bpcAEAQItem4</globalKey>
        <inputObjectQuerySequence>0.0</inputObjectQuerySequence>
        <linkedObjectSequence>0.0</linkedObjectSequence>
        <name>InsAccountTransactions</name>
        <outputCreationSequence>0.0</outputCreationSequence>
        <outputFieldName>Formula</outputFieldName>
        <outputObjectName>Formula</outputObjectName>
        <requiredForUpsert>false</requiredForUpsert>
        <upsertKey>false</upsertKey>
    </omniDataTransformItem>
    <omniDataTransformItem>
        <disabled>false</disabled>
        <filterGroup>0.0</filterGroup>
        <filterOperator>LIMIT</filterOperator>
        <filterValue>1</filterValue>
        <globalKey>InsAccountTransactionsCustoma0O3h000001bpcAEAQItem11</globalKey>
        <inputObjectName>Task</inputObjectName>
        <inputObjectQuerySequence>3.0</inputObjectQuerySequence>
        <linkedObjectSequence>0.0</linkedObjectSequence>
        <name>InsAccountTransactions</name>
        <outputCreationSequence>0.0</outputCreationSequence>
        <outputFieldName>Task</outputFieldName>
        <outputObjectName>json</outputObjectName>
        <requiredForUpsert>false</requiredForUpsert>
        <upsertKey>false</upsertKey>
    </omniDataTransformItem>
    <omniDataTransformItem>
        <disabled>false</disabled>
        <filterGroup>0.0</filterGroup>
        <globalKey>InsAccountTransactionsCustom9298</globalKey>
        <inputFieldName>InsurancePolicyTransaction:TransactionAmount</inputFieldName>
        <inputObjectQuerySequence>0.0</inputObjectQuerySequence>
        <linkedObjectSequence>0.0</linkedObjectSequence>
        <name>InsAccountTransactions</name>
        <outputCreationSequence>1.0</outputCreationSequence>
        <outputFieldName>InsurancePolicyTransaction:Subtitle</outputFieldName>
        <outputObjectName>json</outputObjectName>
        <requiredForUpsert>false</requiredForUpsert>
        <upsertKey>false</upsertKey>
    </omniDataTransformItem>
    <omniDataTransformItem>
        <disabled>false</disabled>
        <filterGroup>0.0</filterGroup>
        <globalKey>InsAccountTransactionsCustoma0O3h000001bpcAEAQItem26</globalKey>
        <inputFieldName>Asset:LastModifiedDate</inputFieldName>
        <inputObjectQuerySequence>0.0</inputObjectQuerySequence>
        <linkedObjectSequence>0.0</linkedObjectSequence>
        <name>InsAccountTransactions</name>
        <outputCreationSequence>1.0</outputCreationSequence>
        <outputFieldName>Asset:Date</outputFieldName>
        <outputObjectName>json</outputObjectName>
        <requiredForUpsert>false</requiredForUpsert>
        <upsertKey>false</upsertKey>
    </omniDataTransformItem>
    <omniDataTransformItem>
        <disabled>false</disabled>
        <filterGroup>0.0</filterGroup>
        <globalKey>InsAccountTransactionsCustom8441</globalKey>
        <inputFieldName>InsurancePolicyTransaction:Type</inputFieldName>
        <inputObjectQuerySequence>0.0</inputObjectQuerySequence>
        <linkedObjectSequence>0.0</linkedObjectSequence>
        <name>InsAccountTransactions</name>
        <outputCreationSequence>1.0</outputCreationSequence>
        <outputFieldName>InsurancePolicyTransaction:Status</outputFieldName>
        <outputObjectName>json</outputObjectName>
        <requiredForUpsert>false</requiredForUpsert>
        <upsertKey>false</upsertKey>
    </omniDataTransformItem>
    <omniDataTransformItem>
        <disabled>false</disabled>
        <filterGroup>0.0</filterGroup>
        <formulaConverted>| var:Case:Id &apos;Case&apos; $Vlocity.NULL IF</formulaConverted>
        <formulaExpression>IF(Case:Id,&apos;Case&apos;,$Vlocity.NULL)</formulaExpression>
        <formulaResultPath>casetargetType</formulaResultPath>
        <formulaSequence>9.0</formulaSequence>
        <globalKey>InsAccountTransactionsCustoma0O3h000001bpcAEAQItem2</globalKey>
        <inputObjectQuerySequence>0.0</inputObjectQuerySequence>
        <linkedObjectSequence>0.0</linkedObjectSequence>
        <name>InsAccountTransactions</name>
        <outputCreationSequence>0.0</outputCreationSequence>
        <outputFieldName>Formula</outputFieldName>
        <outputObjectName>Formula</outputObjectName>
        <requiredForUpsert>false</requiredForUpsert>
        <upsertKey>false</upsertKey>
    </omniDataTransformItem>
    <omniDataTransformItem>
        <disabled>false</disabled>
        <filterGroup>0.0</filterGroup>
        <globalKey>InsAccountTransactionsCustoma0O3h000001bpcAEAQItem34</globalKey>
        <inputFieldName>Asset:Id</inputFieldName>
        <inputObjectQuerySequence>0.0</inputObjectQuerySequence>
        <linkedObjectSequence>0.0</linkedObjectSequence>
        <name>InsAccountTransactions</name>
        <outputCreationSequence>1.0</outputCreationSequence>
        <outputFieldName>Asset:Id</outputFieldName>
        <outputObjectName>json</outputObjectName>
        <requiredForUpsert>false</requiredForUpsert>
        <upsertKey>false</upsertKey>
    </omniDataTransformItem>
    <omniDataTransformItem>
        <disabled>false</disabled>
        <filterGroup>0.0</filterGroup>
        <globalKey>InsAccountTransactionsCustom4334</globalKey>
        <inputFieldName>insurancepolicytransactiontargetType</inputFieldName>
        <inputObjectQuerySequence>0.0</inputObjectQuerySequence>
        <linkedObjectSequence>0.0</linkedObjectSequence>
        <name>InsAccountTransactions</name>
        <outputCreationSequence>1.0</outputCreationSequence>
        <outputFieldName>InsurancePolicyTransaction:TargetType</outputFieldName>
        <outputObjectName>json</outputObjectName>
        <requiredForUpsert>false</requiredForUpsert>
        <upsertKey>false</upsertKey>
    </omniDataTransformItem>
    <omniDataTransformItem>
        <disabled>false</disabled>
        <filterGroup>0.0</filterGroup>
        <filterOperator>=</filterOperator>
        <filterValue>Account:Id</filterValue>
        <globalKey>InsAccountTransactionsCustoma0O3h000001bpcAEAQItem17</globalKey>
        <inputFieldName>AccountId</inputFieldName>
        <inputObjectName>Case</inputObjectName>
        <inputObjectQuerySequence>2.0</inputObjectQuerySequence>
        <linkedObjectSequence>0.0</linkedObjectSequence>
        <name>InsAccountTransactions</name>
        <outputCreationSequence>0.0</outputCreationSequence>
        <outputFieldName>Case</outputFieldName>
        <outputObjectName>json</outputObjectName>
        <requiredForUpsert>false</requiredForUpsert>
        <upsertKey>false</upsertKey>
    </omniDataTransformItem>
    <omniDataTransformItem>
        <disabled>false</disabled>
        <filterGroup>0.0</filterGroup>
        <globalKey>InsAccountTransactionsCustom6922</globalKey>
        <inputFieldName>InsurancePolicyTransaction:Name</inputFieldName>
        <inputObjectQuerySequence>0.0</inputObjectQuerySequence>
        <linkedObjectSequence>0.0</linkedObjectSequence>
        <name>InsAccountTransactions</name>
        <outputCreationSequence>1.0</outputCreationSequence>
        <outputFieldName>InsurancePolicyTransaction:Title</outputFieldName>
        <outputObjectName>json</outputObjectName>
        <requiredForUpsert>false</requiredForUpsert>
        <upsertKey>false</upsertKey>
    </omniDataTransformItem>
    <omniDataTransformItem>
        <disabled>false</disabled>
        <filterGroup>0.0</filterGroup>
        <globalKey>InsAccountTransactionsCustoma0O3h000001bpcAEAQItem28</globalKey>
        <inputFieldName>Claims:LastModifiedDate</inputFieldName>
        <inputObjectQuerySequence>0.0</inputObjectQuerySequence>
        <linkedObjectSequence>0.0</linkedObjectSequence>
        <name>InsAccountTransactions</name>
        <outputCreationSequence>1.0</outputCreationSequence>
        <outputFieldName>Claim:Date</outputFieldName>
        <outputObjectName>json</outputObjectName>
        <requiredForUpsert>false</requiredForUpsert>
        <upsertKey>false</upsertKey>
    </omniDataTransformItem>
    <omniDataTransformItem>
        <disabled>false</disabled>
        <filterGroup>0.0</filterGroup>
        <globalKey>InsAccountTransactionsCustom5157</globalKey>
        <inputFieldName>Claim:LastModifiedDate</inputFieldName>
        <inputObjectQuerySequence>0.0</inputObjectQuerySequence>
        <linkedObjectSequence>0.0</linkedObjectSequence>
        <name>InsAccountTransactions</name>
        <outputCreationSequence>1.0</outputCreationSequence>
        <outputFieldName>Claim:Date</outputFieldName>
        <outputObjectName>json</outputObjectName>
        <requiredForUpsert>false</requiredForUpsert>
        <upsertKey>false</upsertKey>
    </omniDataTransformItem>
    <omniDataTransformItem>
        <disabled>false</disabled>
        <filterGroup>0.0</filterGroup>
        <globalKey>InsAccountTransactionsCustoma0O3h000001bpcAEAQItem25</globalKey>
        <inputFieldName>Claims:Id</inputFieldName>
        <inputObjectQuerySequence>0.0</inputObjectQuerySequence>
        <linkedObjectSequence>0.0</linkedObjectSequence>
        <name>InsAccountTransactions</name>
        <outputCreationSequence>1.0</outputCreationSequence>
        <outputFieldName>Claim:Id</outputFieldName>
        <outputObjectName>json</outputObjectName>
        <requiredForUpsert>false</requiredForUpsert>
        <upsertKey>false</upsertKey>
    </omniDataTransformItem>
    <omniDataTransformItem>
        <disabled>false</disabled>
        <filterGroup>0.0</filterGroup>
        <filterOperator>=</filterOperator>
        <filterValue>Id</filterValue>
        <globalKey>InsAccountTransactionsCustoma0O3h000001bpcAEAQItem0</globalKey>
        <inputFieldName>Id</inputFieldName>
        <inputObjectName>Account</inputObjectName>
        <inputObjectQuerySequence>1.0</inputObjectQuerySequence>
        <linkedObjectSequence>0.0</linkedObjectSequence>
        <name>InsAccountTransactions</name>
        <outputCreationSequence>0.0</outputCreationSequence>
        <outputFieldName>Account</outputFieldName>
        <outputObjectName>json</outputObjectName>
        <requiredForUpsert>false</requiredForUpsert>
        <upsertKey>false</upsertKey>
    </omniDataTransformItem>
    <omniDataTransformItem>
        <disabled>false</disabled>
        <filterGroup>0.0</filterGroup>
        <globalKey>InsAccountTransactionsCustom8167</globalKey>
        <inputFieldName>Claim:Id</inputFieldName>
        <inputObjectQuerySequence>0.0</inputObjectQuerySequence>
        <linkedObjectSequence>0.0</linkedObjectSequence>
        <name>InsAccountTransactions</name>
        <outputCreationSequence>1.0</outputCreationSequence>
        <outputFieldName>Claim:Id</outputFieldName>
        <outputObjectName>json</outputObjectName>
        <requiredForUpsert>false</requiredForUpsert>
        <upsertKey>false</upsertKey>
    </omniDataTransformItem>
    <omniDataTransformItem>
        <disabled>false</disabled>
        <filterGroup>0.0</filterGroup>
        <filterOperator>LIMIT</filterOperator>
        <filterValue>1</filterValue>
        <globalKey>InsAccountTransactionsCustoma0O3h000001bpcAEAQItem15</globalKey>
        <inputObjectName>vlocity_ins__AssetTransaction__c</inputObjectName>
        <inputObjectQuerySequence>6.0</inputObjectQuerySequence>
        <linkedObjectSequence>0.0</linkedObjectSequence>
        <name>InsAccountTransactions</name>
        <outputCreationSequence>0.0</outputCreationSequence>
        <outputFieldName>Transactions</outputFieldName>
        <outputObjectName>json</outputObjectName>
        <requiredForUpsert>false</requiredForUpsert>
        <upsertKey>false</upsertKey>
    </omniDataTransformItem>
    <omniDataTransformItem>
        <disabled>false</disabled>
        <filterGroup>0.0</filterGroup>
        <globalKey>InsAccountTransactionsCustoma0O3h000001bpcAEAQItem40</globalKey>
        <inputFieldName>Claims:vlocity_ins__ClaimStatus__c</inputFieldName>
        <inputObjectQuerySequence>0.0</inputObjectQuerySequence>
        <linkedObjectSequence>0.0</linkedObjectSequence>
        <name>InsAccountTransactions</name>
        <outputCreationSequence>1.0</outputCreationSequence>
        <outputFieldName>Claim:Status</outputFieldName>
        <outputObjectName>json</outputObjectName>
        <requiredForUpsert>false</requiredForUpsert>
        <upsertKey>false</upsertKey>
    </omniDataTransformItem>
    <omniDataTransformItem>
        <disabled>false</disabled>
        <filterGroup>0.0</filterGroup>
        <filterOperator>=</filterOperator>
        <filterValue>Asset:Id</filterValue>
        <globalKey>InsAccountTransactionsCustoma0O3h000001bpcAEAQItem20</globalKey>
        <inputFieldName>vlocity_ins__AssetId__c</inputFieldName>
        <inputObjectName>vlocity_ins__AssetTransaction__c</inputObjectName>
        <inputObjectQuerySequence>6.0</inputObjectQuerySequence>
        <linkedObjectSequence>0.0</linkedObjectSequence>
        <name>InsAccountTransactions</name>
        <outputCreationSequence>0.0</outputCreationSequence>
        <outputFieldName>Transactions</outputFieldName>
        <outputObjectName>json</outputObjectName>
        <requiredForUpsert>false</requiredForUpsert>
        <upsertKey>false</upsertKey>
    </omniDataTransformItem>
    <omniDataTransformItem>
        <disabled>false</disabled>
        <filterGroup>0.0</filterGroup>
        <globalKey>InsAccountTransactionsCustom1873</globalKey>
        <inputFieldName>Claim:Status</inputFieldName>
        <inputObjectQuerySequence>0.0</inputObjectQuerySequence>
        <linkedObjectSequence>0.0</linkedObjectSequence>
        <name>InsAccountTransactions</name>
        <outputCreationSequence>1.0</outputCreationSequence>
        <outputFieldName>Claim:Status</outputFieldName>
        <outputObjectName>json</outputObjectName>
        <requiredForUpsert>false</requiredForUpsert>
        <upsertKey>false</upsertKey>
    </omniDataTransformItem>
    <omniDataTransformItem>
        <disabled>false</disabled>
        <filterGroup>0.0</filterGroup>
        <filterOperator>LIMIT</filterOperator>
        <filterValue>1</filterValue>
        <globalKey>InsAccountTransactionsCustoma0O3h000001bpcAEAQItem14</globalKey>
        <inputObjectName>vlocity_ins__InsuranceClaim__c</inputObjectName>
        <inputObjectQuerySequence>5.0</inputObjectQuerySequence>
        <linkedObjectSequence>0.0</linkedObjectSequence>
        <name>InsAccountTransactions</name>
        <outputCreationSequence>0.0</outputCreationSequence>
        <outputFieldName>Claims</outputFieldName>
        <outputObjectName>json</outputObjectName>
        <requiredForUpsert>false</requiredForUpsert>
        <upsertKey>false</upsertKey>
    </omniDataTransformItem>
    <omniDataTransformItem>
        <disabled>false</disabled>
        <filterGroup>0.0</filterGroup>
        <globalKey>InsAccountTransactionsCustoma0O3h000001bpcAEAQItem44</globalKey>
        <inputFieldName>Claims:vlocity_ins__LossCause__c</inputFieldName>
        <inputObjectQuerySequence>0.0</inputObjectQuerySequence>
        <linkedObjectSequence>0.0</linkedObjectSequence>
        <name>InsAccountTransactions</name>
        <outputCreationSequence>1.0</outputCreationSequence>
        <outputFieldName>Claim:Subtitle</outputFieldName>
        <outputObjectName>json</outputObjectName>
        <requiredForUpsert>false</requiredForUpsert>
        <upsertKey>false</upsertKey>
    </omniDataTransformItem>
    <omniDataTransformItem>
        <disabled>false</disabled>
        <filterGroup>0.0</filterGroup>
        <filterOperator>LIMIT</filterOperator>
        <filterValue>1</filterValue>
        <globalKey>InsAccountTransactionsCustom9688</globalKey>
        <inputObjectName>InsurancePolicy</inputObjectName>
        <inputObjectQuerySequence>7.0</inputObjectQuerySequence>
        <linkedObjectSequence>0.0</linkedObjectSequence>
        <name>InsAccountTransactions</name>
        <outputCreationSequence>0.0</outputCreationSequence>
        <outputFieldName>InsurancePolicy</outputFieldName>
        <outputObjectName>json</outputObjectName>
        <requiredForUpsert>false</requiredForUpsert>
        <upsertKey>false</upsertKey>
    </omniDataTransformItem>
    <omniDataTransformItem>
        <disabled>false</disabled>
        <filterGroup>0.0</filterGroup>
        <globalKey>InsAccountTransactionsCustom3940</globalKey>
        <inputFieldName>Claim:ClaimReasonType</inputFieldName>
        <inputObjectQuerySequence>0.0</inputObjectQuerySequence>
        <linkedObjectSequence>0.0</linkedObjectSequence>
        <name>InsAccountTransactions</name>
        <outputCreationSequence>1.0</outputCreationSequence>
        <outputFieldName>Claim:Subtitle</outputFieldName>
        <outputObjectName>json</outputObjectName>
        <requiredForUpsert>false</requiredForUpsert>
        <upsertKey>false</upsertKey>
    </omniDataTransformItem>
    <omniDataTransformItem>
        <disabled>false</disabled>
        <filterGroup>0.0</filterGroup>
        <filterOperator>=</filterOperator>
        <filterValue>Id</filterValue>
        <globalKey>InsAccountTransactionsCustom4643</globalKey>
        <inputFieldName>NameInsuredId</inputFieldName>
        <inputObjectName>InsurancePolicy</inputObjectName>
        <inputObjectQuerySequence>7.0</inputObjectQuerySequence>
        <linkedObjectSequence>0.0</linkedObjectSequence>
        <name>InsAccountTransactions</name>
        <outputCreationSequence>0.0</outputCreationSequence>
        <outputFieldName>InsurancePolicy</outputFieldName>
        <outputObjectName>json</outputObjectName>
        <requiredForUpsert>false</requiredForUpsert>
        <upsertKey>false</upsertKey>
    </omniDataTransformItem>
    <omniDataTransformItem>
        <disabled>false</disabled>
        <filterGroup>0.0</filterGroup>
        <filterOperator>=</filterOperator>
        <filterValue>Account:Id</filterValue>
        <globalKey>InsAccountTransactionsCustoma0O3h000001bpcAEAQItem18</globalKey>
        <inputFieldName>AccountId</inputFieldName>
        <inputObjectName>Task</inputObjectName>
        <inputObjectQuerySequence>3.0</inputObjectQuerySequence>
        <linkedObjectSequence>0.0</linkedObjectSequence>
        <name>InsAccountTransactions</name>
        <outputCreationSequence>0.0</outputCreationSequence>
        <outputFieldName>Task</outputFieldName>
        <outputObjectName>json</outputObjectName>
        <requiredForUpsert>false</requiredForUpsert>
        <upsertKey>false</upsertKey>
    </omniDataTransformItem>
    <omniDataTransformItem>
        <disabled>false</disabled>
        <filterGroup>0.0</filterGroup>
        <filterOperator>LIMIT</filterOperator>
        <filterValue>1</filterValue>
        <globalKey>InsAccountTransactionsCustom9275</globalKey>
        <inputObjectName>InsurancePolicyTransaction</inputObjectName>
        <inputObjectQuerySequence>8.0</inputObjectQuerySequence>
        <linkedObjectSequence>0.0</linkedObjectSequence>
        <name>InsAccountTransactions</name>
        <outputCreationSequence>0.0</outputCreationSequence>
        <outputFieldName>InsurancePolicyTransaction</outputFieldName>
        <outputObjectName>json</outputObjectName>
        <requiredForUpsert>false</requiredForUpsert>
        <upsertKey>false</upsertKey>
    </omniDataTransformItem>
    <omniDataTransformItem>
        <disabled>false</disabled>
        <filterGroup>0.0</filterGroup>
        <globalKey>InsAccountTransactionsCustoma0O3h000001bpcAEAQItem47</globalKey>
        <inputFieldName>claimstargetType</inputFieldName>
        <inputObjectQuerySequence>0.0</inputObjectQuerySequence>
        <linkedObjectSequence>0.0</linkedObjectSequence>
        <name>InsAccountTransactions</name>
        <outputCreationSequence>1.0</outputCreationSequence>
        <outputFieldName>Claim:TargetType</outputFieldName>
        <outputObjectName>json</outputObjectName>
        <requiredForUpsert>false</requiredForUpsert>
        <upsertKey>false</upsertKey>
    </omniDataTransformItem>
    <omniDataTransformItem>
        <disabled>false</disabled>
        <filterGroup>0.0</filterGroup>
        <filterOperator>=</filterOperator>
        <filterValue>InsurancePolicy:Id</filterValue>
        <globalKey>InsAccountTransactionsCustom3206</globalKey>
        <inputFieldName>InsurancePolicyId</inputFieldName>
        <inputObjectName>InsurancePolicyTransaction</inputObjectName>
        <inputObjectQuerySequence>8.0</inputObjectQuerySequence>
        <linkedObjectSequence>0.0</linkedObjectSequence>
        <name>InsAccountTransactions</name>
        <outputCreationSequence>0.0</outputCreationSequence>
        <outputFieldName>InsurancePolicyTransaction</outputFieldName>
        <outputObjectName>json</outputObjectName>
        <requiredForUpsert>false</requiredForUpsert>
        <upsertKey>false</upsertKey>
    </omniDataTransformItem>
    <omniDataTransformItem>
        <disabled>false</disabled>
        <filterGroup>0.0</filterGroup>
        <globalKey>InsAccountTransactionsCustom1988</globalKey>
        <inputFieldName>Claim:Name</inputFieldName>
        <inputObjectQuerySequence>0.0</inputObjectQuerySequence>
        <linkedObjectSequence>0.0</linkedObjectSequence>
        <name>InsAccountTransactions</name>
        <outputCreationSequence>1.0</outputCreationSequence>
        <outputFieldName>Claim:Title</outputFieldName>
        <outputObjectName>json</outputObjectName>
        <requiredForUpsert>false</requiredForUpsert>
        <upsertKey>false</upsertKey>
    </omniDataTransformItem>
    <omniDataTransformItem>
        <disabled>false</disabled>
        <filterGroup>0.0</filterGroup>
        <filterOperator>LIMIT</filterOperator>
        <filterValue>1</filterValue>
        <globalKey>InsAccountTransactionsCustom3346</globalKey>
        <inputObjectName>Claim</inputObjectName>
        <inputObjectQuerySequence>9.0</inputObjectQuerySequence>
        <linkedObjectSequence>0.0</linkedObjectSequence>
        <name>InsAccountTransactions</name>
        <outputCreationSequence>0.0</outputCreationSequence>
        <outputFieldName>Claim</outputFieldName>
        <outputObjectName>json</outputObjectName>
        <requiredForUpsert>false</requiredForUpsert>
        <upsertKey>false</upsertKey>
    </omniDataTransformItem>
    <omniDataTransformItem>
        <disabled>false</disabled>
        <filterGroup>0.0</filterGroup>
        <globalKey>InsAccountTransactionsCustom592</globalKey>
        <inputFieldName>claimtargetType</inputFieldName>
        <inputObjectQuerySequence>0.0</inputObjectQuerySequence>
        <linkedObjectSequence>0.0</linkedObjectSequence>
        <name>InsAccountTransactions</name>
        <outputCreationSequence>1.0</outputCreationSequence>
        <outputFieldName>Claim:TargetType</outputFieldName>
        <outputObjectName>json</outputObjectName>
        <requiredForUpsert>false</requiredForUpsert>
        <upsertKey>false</upsertKey>
    </omniDataTransformItem>
    <omniDataTransformItem>
        <disabled>false</disabled>
        <filterGroup>0.0</filterGroup>
        <filterOperator>=</filterOperator>
        <filterValue>InsurancePolicy:Id</filterValue>
        <globalKey>InsAccountTransactionsCustom6158</globalKey>
        <inputFieldName>PolicyNumberId</inputFieldName>
        <inputObjectName>Claim</inputObjectName>
        <inputObjectQuerySequence>9.0</inputObjectQuerySequence>
        <linkedObjectSequence>0.0</linkedObjectSequence>
        <name>InsAccountTransactions</name>
        <outputCreationSequence>0.0</outputCreationSequence>
        <outputFieldName>Claim</outputFieldName>
        <outputObjectName>json</outputObjectName>
        <requiredForUpsert>false</requiredForUpsert>
        <upsertKey>false</upsertKey>
    </omniDataTransformItem>
    <omniDataTransformItem>
        <disabled>false</disabled>
        <filterGroup>0.0</filterGroup>
        <globalKey>InsAccountTransactionsCustom1744</globalKey>
        <inputFieldName>InsurancePolicy:LastModifiedDate</inputFieldName>
        <inputObjectQuerySequence>0.0</inputObjectQuerySequence>
        <linkedObjectSequence>0.0</linkedObjectSequence>
        <name>InsAccountTransactions</name>
        <outputCreationSequence>1.0</outputCreationSequence>
        <outputFieldName>InsurancePolicy:Date</outputFieldName>
        <outputObjectName>json</outputObjectName>
        <requiredForUpsert>false</requiredForUpsert>
        <upsertKey>false</upsertKey>
    </omniDataTransformItem>
    <omniDataTransformItem>
        <disabled>false</disabled>
        <filterGroup>0.0</filterGroup>
        <filterOperator>LIMIT</filterOperator>
        <filterValue>1</filterValue>
        <globalKey>InsAccountTransactionsCustom6741</globalKey>
        <inputObjectName>Account</inputObjectName>
        <inputObjectQuerySequence>1.0</inputObjectQuerySequence>
        <linkedObjectSequence>0.0</linkedObjectSequence>
        <name>InsAccountTransactions</name>
        <outputCreationSequence>0.0</outputCreationSequence>
        <outputFieldName>Account</outputFieldName>
        <outputObjectName>json</outputObjectName>
        <requiredForUpsert>false</requiredForUpsert>
        <upsertKey>false</upsertKey>
    </omniDataTransformItem>
    <omniDataTransformItem>
        <disabled>false</disabled>
        <filterGroup>0.0</filterGroup>
        <globalKey>InsAccountTransactionsCustoma0O3h000001bpcAEAQItem31</globalKey>
        <inputFieldName>Claims:Name</inputFieldName>
        <inputObjectQuerySequence>0.0</inputObjectQuerySequence>
        <linkedObjectSequence>0.0</linkedObjectSequence>
        <name>InsAccountTransactions</name>
        <outputCreationSequence>1.0</outputCreationSequence>
        <outputFieldName>Claim:Title</outputFieldName>
        <outputObjectName>json</outputObjectName>
        <requiredForUpsert>false</requiredForUpsert>
        <upsertKey>false</upsertKey>
    </omniDataTransformItem>
    <omniDataTransformItem>
        <disabled>false</disabled>
        <filterGroup>0.0</filterGroup>
        <formulaConverted>| var:Asset:SerialNumber | &apos;Policy/\/\/&apos; var:Asset:SerialNumber CONCAT $Vlocity.NULL IF</formulaConverted>
        <formulaExpression>IF(Asset:SerialNumber,CONCAT(&apos;Policy &apos;,Asset:SerialNumber),$Vlocity.NULL)</formulaExpression>
        <formulaResultPath>Asset:SerialNumber</formulaResultPath>
        <formulaSequence>1.0</formulaSequence>
        <globalKey>InsAccountTransactionsCustoma0O3h000001bpcAEAQItem10</globalKey>
        <inputObjectQuerySequence>0.0</inputObjectQuerySequence>
        <linkedObjectSequence>0.0</linkedObjectSequence>
        <name>InsAccountTransactions</name>
        <outputCreationSequence>0.0</outputCreationSequence>
        <outputFieldName>Formula</outputFieldName>
        <outputObjectName>Formula</outputObjectName>
        <requiredForUpsert>false</requiredForUpsert>
        <upsertKey>false</upsertKey>
    </omniDataTransformItem>
    <omniDataTransformItem>
        <disabled>false</disabled>
        <filterGroup>0.0</filterGroup>
        <formulaConverted>| var:Claims:vlocity_ins__LossCause__c | &apos;Loss-Type/\/\/&apos; var:Claims:vlocity_ins__LossCause__c CONCAT $Vlocity.NULL IF</formulaConverted>
        <formulaExpression>IF(Claims:vlocity_ins__LossCause__c,CONCAT(&apos;Loss-Type &apos;,Claims:vlocity_ins__LossCause__c),$Vlocity.NULL)</formulaExpression>
        <formulaResultPath>Claims:vlocity_ins__LossCause__c</formulaResultPath>
        <formulaSequence>2.0</formulaSequence>
        <globalKey>InsAccountTransactionsCustoma0O3h000001bpcAEAQItem9</globalKey>
        <inputObjectQuerySequence>0.0</inputObjectQuerySequence>
        <linkedObjectSequence>0.0</linkedObjectSequence>
        <name>InsAccountTransactions</name>
        <outputCreationSequence>0.0</outputCreationSequence>
        <outputFieldName>Formula</outputFieldName>
        <outputObjectName>Formula</outputObjectName>
        <requiredForUpsert>false</requiredForUpsert>
        <upsertKey>false</upsertKey>
    </omniDataTransformItem>
    <omniDataTransformItem>
        <disabled>false</disabled>
        <filterGroup>0.0</filterGroup>
        <globalKey>InsAccountTransactionsCustom6905</globalKey>
        <inputFieldName>InsurancePolicy:Status</inputFieldName>
        <inputObjectQuerySequence>0.0</inputObjectQuerySequence>
        <linkedObjectSequence>0.0</linkedObjectSequence>
        <name>InsAccountTransactions</name>
        <outputCreationSequence>1.0</outputCreationSequence>
        <outputFieldName>InsurancePolicy:Status</outputFieldName>
        <outputObjectName>json</outputObjectName>
        <requiredForUpsert>false</requiredForUpsert>
        <upsertKey>false</upsertKey>
    </omniDataTransformItem>
    <omniDataTransformItem>
        <disabled>false</disabled>
        <filterGroup>0.0</filterGroup>
        <formulaConverted>| var:Transactions:Id &apos;assettransaction&apos; $Vlocity.NULL IF</formulaConverted>
        <formulaExpression>IF(Transactions:Id,&apos;assettransaction&apos;,$Vlocity.NULL)</formulaExpression>
        <formulaResultPath>transactiontargetType</formulaResultPath>
        <formulaSequence>10.0</formulaSequence>
        <globalKey>InsAccountTransactionsCustoma0O3h000001bpcAEAQItem1</globalKey>
        <inputObjectQuerySequence>0.0</inputObjectQuerySequence>
        <linkedObjectSequence>0.0</linkedObjectSequence>
        <name>InsAccountTransactions</name>
        <outputCreationSequence>0.0</outputCreationSequence>
        <outputFieldName>Formula</outputFieldName>
        <outputObjectName>Formula</outputObjectName>
        <requiredForUpsert>false</requiredForUpsert>
        <upsertKey>false</upsertKey>
    </omniDataTransformItem>
    <omniDataTransformItem>
        <disabled>false</disabled>
        <filterGroup>0.0</filterGroup>
        <globalKey>InsAccountTransactionsCustom6876</globalKey>
        <inputFieldName>InsurancePolicy:Id</inputFieldName>
        <inputObjectQuerySequence>0.0</inputObjectQuerySequence>
        <linkedObjectSequence>0.0</linkedObjectSequence>
        <name>InsAccountTransactions</name>
        <outputCreationSequence>1.0</outputCreationSequence>
        <outputFieldName>InsurancePolicy:Id</outputFieldName>
        <outputObjectName>json</outputObjectName>
        <requiredForUpsert>false</requiredForUpsert>
        <upsertKey>false</upsertKey>
    </omniDataTransformItem>
    <omniDataTransformItem>
        <disabled>false</disabled>
        <filterGroup>0.0</filterGroup>
        <globalKey>InsAccountTransactionsCustoma0O3h000001bpcAEAQItem35</globalKey>
        <inputFieldName>Task:Id</inputFieldName>
        <inputObjectQuerySequence>0.0</inputObjectQuerySequence>
        <linkedObjectSequence>0.0</linkedObjectSequence>
        <name>InsAccountTransactions</name>
        <outputCreationSequence>1.0</outputCreationSequence>
        <outputFieldName>Task:Id</outputFieldName>
        <outputObjectName>json</outputObjectName>
        <requiredForUpsert>false</requiredForUpsert>
        <upsertKey>false</upsertKey>
    </omniDataTransformItem>
    <omniDataTransformItem>
        <disabled>false</disabled>
        <filterGroup>0.0</filterGroup>
        <globalKey>InsAccountTransactionsCustoma0O3h000001bpcAEAQItem36</globalKey>
        <inputFieldName>Task:LastModifiedDate</inputFieldName>
        <inputObjectQuerySequence>0.0</inputObjectQuerySequence>
        <linkedObjectSequence>0.0</linkedObjectSequence>
        <name>InsAccountTransactions</name>
        <outputCreationSequence>1.0</outputCreationSequence>
        <outputFieldName>Task:Date</outputFieldName>
        <outputObjectName>json</outputObjectName>
        <requiredForUpsert>false</requiredForUpsert>
        <upsertKey>false</upsertKey>
    </omniDataTransformItem>
    <omniDataTransformItem>
        <disabled>false</disabled>
        <filterGroup>0.0</filterGroup>
        <globalKey>InsAccountTransactionsCustoma0O3h000001bpcAEAQItem43</globalKey>
        <inputFieldName>Task:TaskSubtype</inputFieldName>
        <inputObjectQuerySequence>0.0</inputObjectQuerySequence>
        <linkedObjectSequence>0.0</linkedObjectSequence>
        <name>InsAccountTransactions</name>
        <outputCreationSequence>1.0</outputCreationSequence>
        <outputFieldName>Task:Subtitle</outputFieldName>
        <outputObjectName>json</outputObjectName>
        <requiredForUpsert>false</requiredForUpsert>
        <upsertKey>false</upsertKey>
    </omniDataTransformItem>
    <omniDataTransformItem>
        <disabled>false</disabled>
        <filterGroup>0.0</filterGroup>
        <globalKey>InsAccountTransactionsCustoma0O3h000001bpcAEAQItem38</globalKey>
        <inputFieldName>Task:Status</inputFieldName>
        <inputObjectQuerySequence>0.0</inputObjectQuerySequence>
        <linkedObjectSequence>0.0</linkedObjectSequence>
        <name>InsAccountTransactions</name>
        <outputCreationSequence>1.0</outputCreationSequence>
        <outputFieldName>Task:Status</outputFieldName>
        <outputObjectName>json</outputObjectName>
        <requiredForUpsert>false</requiredForUpsert>
        <upsertKey>false</upsertKey>
    </omniDataTransformItem>
    <omniDataTransformItem>
        <disabled>false</disabled>
        <filterGroup>0.0</filterGroup>
        <filterOperator>=</filterOperator>
        <filterValue>Account:Id</filterValue>
        <globalKey>InsAccountTransactionsCustoma0O3h000001bpcAEAQItem16</globalKey>
        <inputFieldName>AccountId</inputFieldName>
        <inputObjectName>Asset</inputObjectName>
        <inputObjectQuerySequence>4.0</inputObjectQuerySequence>
        <linkedObjectSequence>0.0</linkedObjectSequence>
        <name>InsAccountTransactions</name>
        <outputCreationSequence>0.0</outputCreationSequence>
        <outputFieldName>Asset</outputFieldName>
        <outputObjectName>json</outputObjectName>
        <requiredForUpsert>false</requiredForUpsert>
        <upsertKey>false</upsertKey>
    </omniDataTransformItem>
    <omniDataTransformItem>
        <disabled>false</disabled>
        <filterGroup>0.0</filterGroup>
        <globalKey>InsAccountTransactionsCustoma0O3h000001bpcAEAQItem49</globalKey>
        <inputFieldName>tasktargetType</inputFieldName>
        <inputObjectQuerySequence>0.0</inputObjectQuerySequence>
        <linkedObjectSequence>0.0</linkedObjectSequence>
        <name>InsAccountTransactions</name>
        <outputCreationSequence>1.0</outputCreationSequence>
        <outputFieldName>Task:TargetType</outputFieldName>
        <outputObjectName>json</outputObjectName>
        <requiredForUpsert>false</requiredForUpsert>
        <upsertKey>false</upsertKey>
    </omniDataTransformItem>
    <omniDataTransformItem>
        <disabled>false</disabled>
        <filterGroup>0.0</filterGroup>
        <globalKey>InsAccountTransactionsCustoma0O3h000001bpcAEAQItem29</globalKey>
        <inputFieldName>Transactions:LastModifiedDate</inputFieldName>
        <inputObjectQuerySequence>0.0</inputObjectQuerySequence>
        <linkedObjectSequence>0.0</linkedObjectSequence>
        <name>InsAccountTransactions</name>
        <outputCreationSequence>1.0</outputCreationSequence>
        <outputFieldName>Transaction:Date</outputFieldName>
        <outputObjectName>json</outputObjectName>
        <requiredForUpsert>false</requiredForUpsert>
        <upsertKey>false</upsertKey>
    </omniDataTransformItem>
    <omniDataTransformItem>
        <disabled>false</disabled>
        <filterGroup>0.0</filterGroup>
        <globalKey>InsAccountTransactionsCustoma0O3h000001bpcAEAQItem22</globalKey>
        <inputFieldName>Task:Name</inputFieldName>
        <inputObjectQuerySequence>0.0</inputObjectQuerySequence>
        <linkedObjectSequence>0.0</linkedObjectSequence>
        <name>InsAccountTransactions</name>
        <outputCreationSequence>1.0</outputCreationSequence>
        <outputFieldName>Task:Title</outputFieldName>
        <outputObjectName>json</outputObjectName>
        <requiredForUpsert>false</requiredForUpsert>
        <upsertKey>false</upsertKey>
    </omniDataTransformItem>
    <omniDataTransformItem>
        <disabled>false</disabled>
        <filterGroup>0.0</filterGroup>
        <globalKey>InsAccountTransactionsCustoma0O3h000001bpcAEAQItem41</globalKey>
        <inputFieldName>Transactions:vlocity_ins__Type__c</inputFieldName>
        <inputObjectQuerySequence>0.0</inputObjectQuerySequence>
        <linkedObjectSequence>0.0</linkedObjectSequence>
        <name>InsAccountTransactions</name>
        <outputCreationSequence>1.0</outputCreationSequence>
        <outputFieldName>Transaction:Status</outputFieldName>
        <outputObjectName>json</outputObjectName>
        <requiredForUpsert>false</requiredForUpsert>
        <upsertKey>false</upsertKey>
    </omniDataTransformItem>
    <omniDataTransformItem>
        <disabled>false</disabled>
        <filterGroup>0.0</filterGroup>
        <globalKey>InsAccountTransactionsCustoma0O3h000001bpcAEAQItem30</globalKey>
        <inputFieldName>Transactions:Id</inputFieldName>
        <inputObjectQuerySequence>0.0</inputObjectQuerySequence>
        <linkedObjectSequence>0.0</linkedObjectSequence>
        <name>InsAccountTransactions</name>
        <outputCreationSequence>1.0</outputCreationSequence>
        <outputFieldName>Transaction:Id</outputFieldName>
        <outputObjectName>json</outputObjectName>
        <requiredForUpsert>false</requiredForUpsert>
        <upsertKey>false</upsertKey>
    </omniDataTransformItem>
    <omniDataTransformItem>
        <disabled>false</disabled>
        <filterGroup>0.0</filterGroup>
        <globalKey>InsAccountTransactionsCustoma0O3h000001bpcAEAQItem48</globalKey>
        <inputFieldName>transactiontargetType</inputFieldName>
        <inputObjectQuerySequence>0.0</inputObjectQuerySequence>
        <linkedObjectSequence>0.0</linkedObjectSequence>
        <name>InsAccountTransactions</name>
        <outputCreationSequence>1.0</outputCreationSequence>
        <outputFieldName>Transaction:TargetType</outputFieldName>
        <outputObjectName>json</outputObjectName>
        <requiredForUpsert>false</requiredForUpsert>
        <upsertKey>false</upsertKey>
    </omniDataTransformItem>
    <omniDataTransformItem>
        <disabled>false</disabled>
        <filterGroup>0.0</filterGroup>
        <globalKey>InsAccountTransactionsCustoma0O3h000001bpcAEAQItem45</globalKey>
        <inputFieldName>Transactions:vlocity_ins__TotalAmount__c</inputFieldName>
        <inputObjectQuerySequence>0.0</inputObjectQuerySequence>
        <linkedObjectSequence>0.0</linkedObjectSequence>
        <name>InsAccountTransactions</name>
        <outputCreationSequence>1.0</outputCreationSequence>
        <outputFieldFormat>Currency</outputFieldFormat>
        <outputFieldName>Transaction:Subtitle</outputFieldName>
        <outputObjectName>json</outputObjectName>
        <requiredForUpsert>false</requiredForUpsert>
        <transformValuesMappings>{ }</transformValuesMappings>
        <upsertKey>false</upsertKey>
    </omniDataTransformItem>
    <omniDataTransformItem>
        <disabled>false</disabled>
        <filterGroup>0.0</filterGroup>
        <filterOperator>LIMIT</filterOperator>
        <filterValue>1</filterValue>
        <globalKey>InsAccountTransactionsCustoma0O3h000001bpcAEAQItem12</globalKey>
        <inputObjectName>Asset</inputObjectName>
        <inputObjectQuerySequence>4.0</inputObjectQuerySequence>
        <linkedObjectSequence>0.0</linkedObjectSequence>
        <name>InsAccountTransactions</name>
        <outputCreationSequence>0.0</outputCreationSequence>
        <outputFieldName>Asset</outputFieldName>
        <outputObjectName>json</outputObjectName>
        <requiredForUpsert>false</requiredForUpsert>
        <upsertKey>false</upsertKey>
    </omniDataTransformItem>
    <omniDataTransformItem>
        <disabled>false</disabled>
        <filterGroup>0.0</filterGroup>
        <globalKey>InsAccountTransactionsCustoma0O3h000001bpcAEAQItem23</globalKey>
        <inputFieldName>Transactions:Name</inputFieldName>
        <inputObjectQuerySequence>0.0</inputObjectQuerySequence>
        <linkedObjectSequence>0.0</linkedObjectSequence>
        <name>InsAccountTransactions</name>
        <outputCreationSequence>1.0</outputCreationSequence>
        <outputFieldName>Transaction:Title</outputFieldName>
        <outputObjectName>json</outputObjectName>
        <requiredForUpsert>false</requiredForUpsert>
        <upsertKey>false</upsertKey>
    </omniDataTransformItem>
    <omniDataTransformItem>
        <disabled>false</disabled>
        <filterGroup>0.0</filterGroup>
        <filterOperator>=</filterOperator>
        <filterValue>Asset:Id</filterValue>
        <globalKey>InsAccountTransactionsCustoma0O3h000001bpcAEAQItem19</globalKey>
        <inputFieldName>vlocity_ins__PrimaryPolicyAssetId__c</inputFieldName>
        <inputObjectName>vlocity_ins__InsuranceClaim__c</inputObjectName>
        <inputObjectQuerySequence>5.0</inputObjectQuerySequence>
        <linkedObjectSequence>0.0</linkedObjectSequence>
        <name>InsAccountTransactions</name>
        <outputCreationSequence>0.0</outputCreationSequence>
        <outputFieldName>Claims</outputFieldName>
        <outputObjectName>json</outputObjectName>
        <requiredForUpsert>false</requiredForUpsert>
        <upsertKey>false</upsertKey>
    </omniDataTransformItem>
    <outputType>JSON</outputType>
    <previewJsonData>{
  &quot;Id&quot; : &quot;0014W000024XcysQAC&quot;
}</previewJsonData>
    <processSuperBulk>false</processSuperBulk>
    <responseCacheTtlMinutes>0.0</responseCacheTtlMinutes>
    <rollbackOnError>false</rollbackOnError>
    <sourceObject>json</sourceObject>
    <sourceObjectDefault>false</sourceObjectDefault>
    <synchronousProcessThreshold>-1.0</synchronousProcessThreshold>
    <type>Extract</type>
    <uniqueName>InsAccountTransactions_1</uniqueName>
    <versionNumber>1.0</versionNumber>
    <xmlDeclarationRemoved>false</xmlDeclarationRemoved>
</OmniDataTransform>
