<?xml version="1.0" encoding="UTF-8"?>
<OmniDataTransform xmlns="http://soap.sforce.com/2006/04/metadata">
    <active>false</active>
    <assignmentRulesUsed>false</assignmentRulesUsed>
    <deletedOnSuccess>false</deletedOnSuccess>
    <errorIgnored>false</errorIgnored>
    <fieldLevelSecurityEnabled>false</fieldLevelSecurityEnabled>
    <inputType>JSON</inputType>
    <name>InsExtractAccountBillingDetails</name>
    <nullInputsIncludedInOutput>false</nullInputsIncludedInOutput>
    <omniDataTransformItem>
        <disabled>false</disabled>
        <filterGroup>0.0</filterGroup>
        <globalKey>InsExtractAccountBillingDetails619113491424365</globalKey>
        <inputFieldName>PaymentMethod:vlocity_ins__CardType__c</inputFieldName>
        <inputObjectQuerySequence>0.0</inputObjectQuerySequence>
        <linkedObjectSequence>0.0</linkedObjectSequence>
        <name>InsExtractAccountBillingDetails</name>
        <outputCreationSequence>1.0</outputCreationSequence>
        <outputFieldName>BillingAccount:CardType</outputFieldName>
        <outputObjectName>json</outputObjectName>
        <requiredForUpsert>false</requiredForUpsert>
        <upsertKey>false</upsertKey>
    </omniDataTransformItem>
    <omniDataTransformItem>
        <disabled>false</disabled>
        <filterGroup>0.0</filterGroup>
        <filterOperator>=</filterOperator>
        <filterValue>BillingAccount:vlocity_ins__PaymentMethodId__c</filterValue>
        <globalKey>InsExtractAccountBillingDetails822245800877246</globalKey>
        <inputFieldName>Id</inputFieldName>
        <inputObjectName>vlocity_ins__PaymentMethod__c</inputObjectName>
        <inputObjectQuerySequence>4.0</inputObjectQuerySequence>
        <linkedObjectSequence>0.0</linkedObjectSequence>
        <name>InsExtractAccountBillingDetails</name>
        <outputCreationSequence>0.0</outputCreationSequence>
        <outputFieldName>PaymentMethod</outputFieldName>
        <outputObjectName>json</outputObjectName>
        <requiredForUpsert>false</requiredForUpsert>
        <upsertKey>false</upsertKey>
    </omniDataTransformItem>
    <omniDataTransformItem>
        <disabled>false</disabled>
        <filterGroup>0.0</filterGroup>
        <globalKey>InsExtractAccountBillingDetails6564781662667629</globalKey>
        <inputFieldName>BillingAccount:vlocity_ins__BillDueDate__c</inputFieldName>
        <inputObjectQuerySequence>0.0</inputObjectQuerySequence>
        <linkedObjectSequence>0.0</linkedObjectSequence>
        <name>InsExtractAccountBillingDetails</name>
        <outputCreationSequence>1.0</outputCreationSequence>
        <outputFieldFormat>Date(MM/dd/yyyy)</outputFieldFormat>
        <outputFieldName>BillingAccount:BillDueDate</outputFieldName>
        <outputObjectName>json</outputObjectName>
        <requiredForUpsert>false</requiredForUpsert>
        <upsertKey>false</upsertKey>
    </omniDataTransformItem>
    <omniDataTransformItem>
        <disabled>false</disabled>
        <filterGroup>1.0</filterGroup>
        <filterOperator>=</filterOperator>
        <filterValue>InsurancePolicy:NameInsuredId</filterValue>
        <globalKey>InsExtractAccountBillingDetailsCustom1922</globalKey>
        <inputFieldName>vlocity_ins__AccountId__c</inputFieldName>
        <inputObjectName>vlocity_ins__BillingAccount__c</inputObjectName>
        <inputObjectQuerySequence>3.0</inputObjectQuerySequence>
        <linkedObjectSequence>0.0</linkedObjectSequence>
        <name>InsExtractAccountBillingDetails</name>
        <outputCreationSequence>0.0</outputCreationSequence>
        <outputFieldName>BillingAccount</outputFieldName>
        <outputObjectName>json</outputObjectName>
        <requiredForUpsert>false</requiredForUpsert>
        <upsertKey>false</upsertKey>
    </omniDataTransformItem>
    <omniDataTransformItem>
        <disabled>false</disabled>
        <filterGroup>0.0</filterGroup>
        <globalKey>InsExtractAccountBillingDetails9446364640798668</globalKey>
        <inputFieldName>BillingAccount:vlocity_ins__AutomaticPaymentAmount__c</inputFieldName>
        <inputObjectQuerySequence>0.0</inputObjectQuerySequence>
        <linkedObjectSequence>0.0</linkedObjectSequence>
        <name>InsExtractAccountBillingDetails</name>
        <outputCreationSequence>1.0</outputCreationSequence>
        <outputFieldFormat>Currency</outputFieldFormat>
        <outputFieldName>BillingAccount:AmountDue</outputFieldName>
        <outputObjectName>json</outputObjectName>
        <requiredForUpsert>false</requiredForUpsert>
        <upsertKey>false</upsertKey>
    </omniDataTransformItem>
    <omniDataTransformItem>
        <disabled>false</disabled>
        <filterGroup>0.0</filterGroup>
        <globalKey>InsExtractAccountBillingDetails6590568129394621</globalKey>
        <inputFieldName>BillingAccount:Name</inputFieldName>
        <inputObjectQuerySequence>0.0</inputObjectQuerySequence>
        <linkedObjectSequence>0.0</linkedObjectSequence>
        <name>InsExtractAccountBillingDetails</name>
        <outputCreationSequence>1.0</outputCreationSequence>
        <outputFieldName>BillingAccount:Name</outputFieldName>
        <outputObjectName>json</outputObjectName>
        <requiredForUpsert>false</requiredForUpsert>
        <upsertKey>false</upsertKey>
    </omniDataTransformItem>
    <omniDataTransformItem>
        <disabled>false</disabled>
        <filterGroup>0.0</filterGroup>
        <globalKey>InsExtractAccountBillingDetails47063673566586317</globalKey>
        <inputFieldName>PaymentMethod:vlocity_ins__MethodType__c</inputFieldName>
        <inputObjectQuerySequence>0.0</inputObjectQuerySequence>
        <linkedObjectSequence>0.0</linkedObjectSequence>
        <name>InsExtractAccountBillingDetails</name>
        <outputCreationSequence>1.0</outputCreationSequence>
        <outputFieldName>BillingAccount:PaymentMethodType</outputFieldName>
        <outputObjectName>json</outputObjectName>
        <requiredForUpsert>false</requiredForUpsert>
        <upsertKey>false</upsertKey>
    </omniDataTransformItem>
    <omniDataTransformItem>
        <disabled>false</disabled>
        <filterGroup>0.0</filterGroup>
        <globalKey>InsExtractAccountBillingDetails6506160626405335</globalKey>
        <inputFieldName>BillingAccount:vlocity_ins__AccountNumber__c</inputFieldName>
        <inputObjectQuerySequence>0.0</inputObjectQuerySequence>
        <linkedObjectSequence>0.0</linkedObjectSequence>
        <name>InsExtractAccountBillingDetails</name>
        <outputCreationSequence>1.0</outputCreationSequence>
        <outputFieldName>BillingAccount:AccountNumber</outputFieldName>
        <outputObjectName>json</outputObjectName>
        <requiredForUpsert>false</requiredForUpsert>
        <upsertKey>false</upsertKey>
    </omniDataTransformItem>
    <omniDataTransformItem>
        <disabled>false</disabled>
        <filterGroup>0.0</filterGroup>
        <globalKey>InsExtractAccountBillingDetails0569067776308223</globalKey>
        <inputFieldName>PaymentMethod:Name</inputFieldName>
        <inputObjectQuerySequence>0.0</inputObjectQuerySequence>
        <linkedObjectSequence>0.0</linkedObjectSequence>
        <name>InsExtractAccountBillingDetails</name>
        <outputCreationSequence>1.0</outputCreationSequence>
        <outputFieldName>BillingAccount:PaymentMethodName</outputFieldName>
        <outputObjectName>json</outputObjectName>
        <requiredForUpsert>false</requiredForUpsert>
        <upsertKey>false</upsertKey>
    </omniDataTransformItem>
    <omniDataTransformItem>
        <disabled>false</disabled>
        <filterGroup>0.0</filterGroup>
        <globalKey>InsExtractAccountBillingDetails9530065086743371</globalKey>
        <inputFieldName>PaymentMethod:vlocity_ins__BankAccountNumber__c</inputFieldName>
        <inputObjectQuerySequence>0.0</inputObjectQuerySequence>
        <linkedObjectSequence>0.0</linkedObjectSequence>
        <name>InsExtractAccountBillingDetails</name>
        <outputCreationSequence>1.0</outputCreationSequence>
        <outputFieldName>BillingAccount:BankAccountNumber</outputFieldName>
        <outputObjectName>json</outputObjectName>
        <requiredForUpsert>false</requiredForUpsert>
        <upsertKey>false</upsertKey>
    </omniDataTransformItem>
    <omniDataTransformItem>
        <disabled>false</disabled>
        <filterGroup>0.0</filterGroup>
        <globalKey>InsExtractAccountBillingDetails31355166882260344</globalKey>
        <inputFieldName>BillingAccount:vlocity_ins__IsAutomaticPaymentEnabled__c</inputFieldName>
        <inputObjectQuerySequence>0.0</inputObjectQuerySequence>
        <linkedObjectSequence>0.0</linkedObjectSequence>
        <name>InsExtractAccountBillingDetails</name>
        <outputCreationSequence>1.0</outputCreationSequence>
        <outputFieldName>BillingAccount:AutoPay</outputFieldName>
        <outputObjectName>json</outputObjectName>
        <requiredForUpsert>false</requiredForUpsert>
        <upsertKey>false</upsertKey>
    </omniDataTransformItem>
    <omniDataTransformItem>
        <disabled>false</disabled>
        <filterGroup>0.0</filterGroup>
        <globalKey>InsExtractAccountBillingDetails9715864662785509</globalKey>
        <inputFieldName>PaymentMethod:Id</inputFieldName>
        <inputObjectQuerySequence>0.0</inputObjectQuerySequence>
        <linkedObjectSequence>0.0</linkedObjectSequence>
        <name>InsExtractAccountBillingDetails</name>
        <outputCreationSequence>1.0</outputCreationSequence>
        <outputFieldName>BillingAccount:PaymentMethodId</outputFieldName>
        <outputObjectName>json</outputObjectName>
        <requiredForUpsert>false</requiredForUpsert>
        <upsertKey>false</upsertKey>
    </omniDataTransformItem>
    <omniDataTransformItem>
        <disabled>false</disabled>
        <filterGroup>0.0</filterGroup>
        <globalKey>InsExtractAccountBillingDetailsCustom3711</globalKey>
        <inputFieldName>InsurancePolicy:PremiumAmount</inputFieldName>
        <inputObjectQuerySequence>0.0</inputObjectQuerySequence>
        <linkedObjectSequence>0.0</linkedObjectSequence>
        <name>InsExtractAccountBillingDetails</name>
        <outputCreationSequence>1.0</outputCreationSequence>
        <outputFieldName>Policy:AmountDue</outputFieldName>
        <outputObjectName>json</outputObjectName>
        <requiredForUpsert>false</requiredForUpsert>
        <upsertKey>false</upsertKey>
    </omniDataTransformItem>
    <omniDataTransformItem>
        <disabled>false</disabled>
        <filterGroup>0.0</filterGroup>
        <globalKey>InsExtractAccountBillingDetails0844254194031766</globalKey>
        <inputFieldName>Asset:vlocity_ins__AutomaticPaymentAmount__c</inputFieldName>
        <inputObjectQuerySequence>0.0</inputObjectQuerySequence>
        <linkedObjectSequence>0.0</linkedObjectSequence>
        <name>InsExtractAccountBillingDetails</name>
        <outputCreationSequence>1.0</outputCreationSequence>
        <outputFieldFormat>Currency</outputFieldFormat>
        <outputFieldName>Policy:AmountDue</outputFieldName>
        <outputObjectName>json</outputObjectName>
        <requiredForUpsert>false</requiredForUpsert>
        <upsertKey>false</upsertKey>
    </omniDataTransformItem>
    <omniDataTransformItem>
        <disabled>false</disabled>
        <filterGroup>0.0</filterGroup>
        <globalKey>InsExtractAccountBillingDetails9913420045169774</globalKey>
        <inputFieldName>Asset:Name</inputFieldName>
        <inputObjectQuerySequence>0.0</inputObjectQuerySequence>
        <linkedObjectSequence>0.0</linkedObjectSequence>
        <name>InsExtractAccountBillingDetails</name>
        <outputCreationSequence>1.0</outputCreationSequence>
        <outputFieldName>Policy:PolicyNumber</outputFieldName>
        <outputObjectName>json</outputObjectName>
        <requiredForUpsert>false</requiredForUpsert>
        <upsertKey>false</upsertKey>
    </omniDataTransformItem>
    <omniDataTransformItem>
        <disabled>false</disabled>
        <filterGroup>0.0</filterGroup>
        <globalKey>InsExtractAccountBillingDetailsCustom4457</globalKey>
        <inputFieldName>InsurancePolicy:Name</inputFieldName>
        <inputObjectQuerySequence>0.0</inputObjectQuerySequence>
        <linkedObjectSequence>0.0</linkedObjectSequence>
        <name>InsExtractAccountBillingDetails</name>
        <outputCreationSequence>1.0</outputCreationSequence>
        <outputFieldName>Policy:PolicyNumber</outputFieldName>
        <outputObjectName>json</outputObjectName>
        <requiredForUpsert>false</requiredForUpsert>
        <upsertKey>false</upsertKey>
    </omniDataTransformItem>
    <omniDataTransformItem>
        <disabled>false</disabled>
        <filterGroup>0.0</filterGroup>
        <filterOperator>=</filterOperator>
        <filterValue>Id</filterValue>
        <globalKey>InsExtractAccountBillingDetails9397438503144897</globalKey>
        <inputFieldName>AccountId</inputFieldName>
        <inputObjectName>Asset</inputObjectName>
        <inputObjectQuerySequence>1.0</inputObjectQuerySequence>
        <linkedObjectSequence>0.0</linkedObjectSequence>
        <name>InsExtractAccountBillingDetails</name>
        <outputCreationSequence>0.0</outputCreationSequence>
        <outputFieldName>Asset</outputFieldName>
        <outputObjectName>json</outputObjectName>
        <requiredForUpsert>false</requiredForUpsert>
        <upsertKey>false</upsertKey>
    </omniDataTransformItem>
    <omniDataTransformItem>
        <disabled>false</disabled>
        <filterGroup>0.0</filterGroup>
        <filterOperator>=</filterOperator>
        <filterValue>Asset:AccountId</filterValue>
        <globalKey>InsExtractAccountBillingDetails3435202190255444</globalKey>
        <inputFieldName>vlocity_ins__AccountId__c</inputFieldName>
        <inputObjectName>vlocity_ins__BillingAccount__c</inputObjectName>
        <inputObjectQuerySequence>3.0</inputObjectQuerySequence>
        <linkedObjectSequence>0.0</linkedObjectSequence>
        <name>InsExtractAccountBillingDetails</name>
        <outputCreationSequence>0.0</outputCreationSequence>
        <outputFieldName>BillingAccount</outputFieldName>
        <outputObjectName>json</outputObjectName>
        <requiredForUpsert>false</requiredForUpsert>
        <upsertKey>false</upsertKey>
    </omniDataTransformItem>
    <omniDataTransformItem>
        <disabled>false</disabled>
        <filterGroup>0.0</filterGroup>
        <filterOperator>=</filterOperator>
        <filterValue>Id</filterValue>
        <globalKey>InsExtractAccountBillingDetailsCustom2758</globalKey>
        <inputFieldName>NameInsuredId</inputFieldName>
        <inputObjectName>InsurancePolicy</inputObjectName>
        <inputObjectQuerySequence>2.0</inputObjectQuerySequence>
        <linkedObjectSequence>0.0</linkedObjectSequence>
        <name>InsExtractAccountBillingDetails</name>
        <outputCreationSequence>0.0</outputCreationSequence>
        <outputFieldName>InsurancePolicy</outputFieldName>
        <outputObjectName>json</outputObjectName>
        <requiredForUpsert>false</requiredForUpsert>
        <upsertKey>false</upsertKey>
    </omniDataTransformItem>
    <outputType>JSON</outputType>
    <previewJsonData>{
  &quot;AccountId&quot; : &quot;02i3h0000003hazAAA&quot;
}</previewJsonData>
    <processSuperBulk>false</processSuperBulk>
    <responseCacheTtlMinutes>0.0</responseCacheTtlMinutes>
    <rollbackOnError>false</rollbackOnError>
    <sourceObject>json</sourceObject>
    <sourceObjectDefault>false</sourceObjectDefault>
    <synchronousProcessThreshold>-1.0</synchronousProcessThreshold>
    <type>Extract</type>
    <uniqueName>InsExtractAccountBillingDetails_1</uniqueName>
    <versionNumber>1.0</versionNumber>
    <xmlDeclarationRemoved>false</xmlDeclarationRemoved>
</OmniDataTransform>
