<?xml version="1.0" encoding="UTF-8"?>
<OmniDataTransform xmlns="http://soap.sforce.com/2006/04/metadata">
    <active>false</active>
    <assignmentRulesUsed>false</assignmentRulesUsed>
    <deletedOnSuccess>false</deletedOnSuccess>
    <description>port_ReadPolicyDetail_Card Used in Card Layout: np-policy-detail, np-policy-premium</description>
    <errorIgnored>false</errorIgnored>
    <expectedOutputJson>{
  &quot;Account&quot; : {
    &quot;AccountNumber&quot; : &quot;12345&quot;,
    &quot;Phone&quot; : &quot;(603) 801-2640&quot;,
    &quot;PolicyHolder&quot; : &quot;Connor Consumer&quot;
  },
  &quot;AccountId&quot; : &quot;0016A000003KM6zQAG&quot;,
  &quot;AnnualPremium&quot; : 2270,
  &quot;Carrier&quot; : {
    &quot;Id&quot; : &quot;0016A000003KMUWQA4&quot;,
    &quot;Name&quot; : &quot;SAMPLE CARRIER&quot;
  },
  &quot;CarrierId&quot; : &quot;0016A000003KMUWQA4&quot;,
  &quot;ContactId&quot; : &quot;0036A000002E3sdQAC&quot;,
  &quot;DaysToExpire&quot; : 319,
  &quot;ExpirationDate&quot; : &quot;2018-05-15&quot;,
  &quot;InceptionDate&quot; : &quot;2016-06-03&quot;,
  &quot;LastModifiedDate&quot; : &quot;2017-06-15T14:22:25.000Z&quot;,
  &quot;Name&quot; : &quot;SAMPLE Perm Life&quot;,
  &quot;PolicyFaceAmount&quot; : 1000000,
  &quot;PolicyHolder&quot; : &quot;Connor Consumer&quot;,
  &quot;PolicyId&quot; : &quot;02i6A00000053MGQAY&quot;,
  &quot;PrimaryProducerId&quot; : &quot;0036A000002ECuAQAW&quot;,
  &quot;Product2Id&quot; : &quot;01t6A000000FCajQAG&quot;,
  &quot;RecordTypeId&quot; : &quot;0126A000000XrR2QAK&quot;,
  &quot;RootAssetId&quot; : &quot;02i6A00000053MGQAY&quot;,
  &quot;Status&quot; : &quot;Pending&quot;,
  &quot;Term&quot; : &quot;Annual&quot;,
  &quot;TotalValue&quot; : 500001,
  &quot;Type&quot; : &quot;Permanent Life&quot;
}</expectedOutputJson>
    <fieldLevelSecurityEnabled>true</fieldLevelSecurityEnabled>
    <inputType>JSON</inputType>
    <name>InsGetPolicyDetails</name>
    <nullInputsIncludedInOutput>false</nullInputsIncludedInOutput>
    <omniDataTransformItem>
        <disabled>false</disabled>
        <filterGroup>0.0</filterGroup>
        <formulaSequence>0.0</formulaSequence>
        <globalKey>InsGetPolicyDetailsCustoma0O3h000001bpLUEAYItem55</globalKey>
        <inputFieldName>Policy:vlocity_ins__Type__c</inputFieldName>
        <inputObjectQuerySequence>0.0</inputObjectQuerySequence>
        <linkedObjectSequence>0.0</linkedObjectSequence>
        <name>InsGetPolicyDetails</name>
        <outputCreationSequence>1.0</outputCreationSequence>
        <outputFieldName>Type</outputFieldName>
        <outputObjectName>json</outputObjectName>
        <requiredForUpsert>false</requiredForUpsert>
        <upsertKey>false</upsertKey>
    </omniDataTransformItem>
    <omniDataTransformItem>
        <disabled>false</disabled>
        <filterGroup>0.0</filterGroup>
        <globalKey>InsGetPolicyDetailsCustom1301</globalKey>
        <inputFieldName>InsPolicy:PolicyType</inputFieldName>
        <inputObjectQuerySequence>0.0</inputObjectQuerySequence>
        <linkedObjectSequence>0.0</linkedObjectSequence>
        <name>InsGetPolicyDetails</name>
        <outputCreationSequence>1.0</outputCreationSequence>
        <outputFieldName>Type</outputFieldName>
        <outputObjectName>json</outputObjectName>
        <requiredForUpsert>false</requiredForUpsert>
        <upsertKey>false</upsertKey>
    </omniDataTransformItem>
    <omniDataTransformItem>
        <disabled>false</disabled>
        <filterGroup>0.0</filterGroup>
        <formulaConverted>| var:Policy:Policyholder:BillingStreet var:Policy:Policyholder:BillingStreet &apos;,/\/\/&apos; + var:Policy:Policyholder:BillingCity + &apos;/\/\/&apos; + var:Policy:Policyholder:BillingState + &apos;/\/\/&apos; + var:Policy:Policyholder:BillingPostalCode + $Vlocity.NULL IF</formulaConverted>
        <formulaExpression>IF(Policy:Policyholder:BillingStreet,Policy:Policyholder:BillingStreet + &apos;, &apos; + Policy:Policyholder:BillingCity + &apos; &apos; + Policy:Policyholder:BillingState + &apos; &apos; +Policy:Policyholder:BillingPostalCode,$Vlocity.NULL)</formulaExpression>
        <formulaResultPath>calculatedAddress__c</formulaResultPath>
        <formulaSequence>1.0</formulaSequence>
        <globalKey>InsGetPolicyDetailsCustoma0O3h000001bpLUEAYItem2</globalKey>
        <inputObjectQuerySequence>0.0</inputObjectQuerySequence>
        <linkedObjectSequence>0.0</linkedObjectSequence>
        <name>InsGetPolicyDetails</name>
        <outputCreationSequence>0.0</outputCreationSequence>
        <outputFieldName>Formula</outputFieldName>
        <outputObjectName>Formula</outputObjectName>
        <requiredForUpsert>false</requiredForUpsert>
        <upsertKey>false</upsertKey>
    </omniDataTransformItem>
    <omniDataTransformItem>
        <disabled>false</disabled>
        <filterGroup>0.0</filterGroup>
        <globalKey>InsGetPolicyDetailsCustom4190</globalKey>
        <inputFieldName>Policy:vlocity_ins__TotalFeeForTerm__c</inputFieldName>
        <inputObjectQuerySequence>0.0</inputObjectQuerySequence>
        <linkedObjectSequence>0.0</linkedObjectSequence>
        <name>InsGetPolicyDetails</name>
        <outputCreationSequence>1.0</outputCreationSequence>
        <outputFieldName>FeeAmount</outputFieldName>
        <outputObjectName>json</outputObjectName>
        <requiredForUpsert>false</requiredForUpsert>
        <upsertKey>false</upsertKey>
    </omniDataTransformItem>
    <omniDataTransformItem>
        <disabled>false</disabled>
        <filterGroup>1.0</filterGroup>
        <filterOperator>=</filterOperator>
        <filterValue>InsPolicy:NameInsuredId</filterValue>
        <formulaSequence>0.0</formulaSequence>
        <globalKey>InsGetPolicyDetailsCustom8180</globalKey>
        <inputFieldName>Id</inputFieldName>
        <inputObjectName>Account</inputObjectName>
        <inputObjectQuerySequence>3.0</inputObjectQuerySequence>
        <linkedObjectSequence>0.0</linkedObjectSequence>
        <name>InsGetPolicyDetails</name>
        <outputCreationSequence>0.0</outputCreationSequence>
        <outputFieldName>Policy:Policyholder</outputFieldName>
        <outputObjectName>json</outputObjectName>
        <requiredForUpsert>false</requiredForUpsert>
        <upsertKey>false</upsertKey>
    </omniDataTransformItem>
    <omniDataTransformItem>
        <disabled>false</disabled>
        <filterGroup>0.0</filterGroup>
        <formulaSequence>0.0</formulaSequence>
        <globalKey>InsGetPolicyDetailsCustoma0O3h000001bpLUEAYItem23</globalKey>
        <inputFieldName>Policy:vlocity_ins__ExpirationDate__c</inputFieldName>
        <inputObjectQuerySequence>0.0</inputObjectQuerySequence>
        <linkedObjectSequence>0.0</linkedObjectSequence>
        <name>InsGetPolicyDetails</name>
        <outputCreationSequence>1.0</outputCreationSequence>
        <outputFieldName>ExpirationDate</outputFieldName>
        <outputObjectName>json</outputObjectName>
        <requiredForUpsert>false</requiredForUpsert>
        <upsertKey>false</upsertKey>
    </omniDataTransformItem>
    <omniDataTransformItem>
        <disabled>false</disabled>
        <filterGroup>0.0</filterGroup>
        <globalKey>InsGetPolicyDetailsCustoma0O3h000001bpLUEAYItem59</globalKey>
        <inputFieldName>calculatedAddress__c</inputFieldName>
        <inputObjectQuerySequence>0.0</inputObjectQuerySequence>
        <linkedObjectSequence>0.0</linkedObjectSequence>
        <name>InsGetPolicyDetails</name>
        <outputCreationSequence>1.0</outputCreationSequence>
        <outputFieldName>CalculatedAddress</outputFieldName>
        <outputObjectName>json</outputObjectName>
        <requiredForUpsert>false</requiredForUpsert>
        <upsertKey>false</upsertKey>
    </omniDataTransformItem>
    <omniDataTransformItem>
        <disabled>false</disabled>
        <filterGroup>0.0</filterGroup>
        <filterOperator>=</filterOperator>
        <filterValue>Id</filterValue>
        <formulaSequence>0.0</formulaSequence>
        <globalKey>InsGetPolicyDetailsCustoma0O3h000001bpLUEAYItem0</globalKey>
        <inputFieldName>Id</inputFieldName>
        <inputObjectName>Asset</inputObjectName>
        <inputObjectQuerySequence>1.0</inputObjectQuerySequence>
        <linkedObjectSequence>0.0</linkedObjectSequence>
        <name>InsGetPolicyDetails</name>
        <outputCreationSequence>0.0</outputCreationSequence>
        <outputFieldName>Policy</outputFieldName>
        <outputObjectName>json</outputObjectName>
        <requiredForUpsert>false</requiredForUpsert>
        <upsertKey>false</upsertKey>
    </omniDataTransformItem>
    <omniDataTransformItem>
        <disabled>false</disabled>
        <filterGroup>0.0</filterGroup>
        <formulaSequence>0.0</formulaSequence>
        <globalKey>InsGetPolicyDetailsCustoma0O3h000001bpLUEAYItem12</globalKey>
        <inputFieldName>Policy:vlocity_ins__AnnualPremium__c</inputFieldName>
        <inputObjectQuerySequence>0.0</inputObjectQuerySequence>
        <linkedObjectSequence>0.0</linkedObjectSequence>
        <name>InsGetPolicyDetails</name>
        <outputCreationSequence>1.0</outputCreationSequence>
        <outputFieldFormat>Currency</outputFieldFormat>
        <outputFieldName>AnnualPremium</outputFieldName>
        <outputObjectName>json</outputObjectName>
        <requiredForUpsert>false</requiredForUpsert>
        <upsertKey>false</upsertKey>
    </omniDataTransformItem>
    <omniDataTransformItem>
        <disabled>false</disabled>
        <filterGroup>0.0</filterGroup>
        <globalKey>InsGetPolicyDetailsCustom4323</globalKey>
        <inputFieldName>InsPolicy:TermFeeAmount</inputFieldName>
        <inputObjectQuerySequence>0.0</inputObjectQuerySequence>
        <linkedObjectSequence>0.0</linkedObjectSequence>
        <name>InsGetPolicyDetails</name>
        <outputCreationSequence>1.0</outputCreationSequence>
        <outputFieldName>FeeAmount</outputFieldName>
        <outputObjectName>json</outputObjectName>
        <requiredForUpsert>false</requiredForUpsert>
        <upsertKey>false</upsertKey>
    </omniDataTransformItem>
    <omniDataTransformItem>
        <disabled>false</disabled>
        <filterGroup>0.0</filterGroup>
        <globalKey>InsGetPolicyDetailsCustom9272</globalKey>
        <inputFieldName>InsPolicy:ExpirationDate</inputFieldName>
        <inputObjectQuerySequence>0.0</inputObjectQuerySequence>
        <linkedObjectSequence>0.0</linkedObjectSequence>
        <name>InsGetPolicyDetails</name>
        <outputCreationSequence>1.0</outputCreationSequence>
        <outputFieldName>ExpirationDate</outputFieldName>
        <outputObjectName>json</outputObjectName>
        <requiredForUpsert>false</requiredForUpsert>
        <upsertKey>false</upsertKey>
    </omniDataTransformItem>
    <omniDataTransformItem>
        <disabled>false</disabled>
        <filterGroup>0.0</filterGroup>
        <globalKey>InsGetPolicyDetailsCustoma0O3h000001bpLUEAYItem60</globalKey>
        <inputFieldName>Policy:SerialNumber</inputFieldName>
        <inputObjectQuerySequence>0.0</inputObjectQuerySequence>
        <linkedObjectSequence>0.0</linkedObjectSequence>
        <name>InsGetPolicyDetails</name>
        <outputCreationSequence>1.0</outputCreationSequence>
        <outputFieldName>SerialNumber</outputFieldName>
        <outputObjectName>json</outputObjectName>
        <requiredForUpsert>false</requiredForUpsert>
        <upsertKey>false</upsertKey>
    </omniDataTransformItem>
    <omniDataTransformItem>
        <disabled>false</disabled>
        <filterGroup>0.0</filterGroup>
        <globalKey>InsGetPolicyDetailsCustom3250</globalKey>
        <inputFieldName>InsPolicy:Name</inputFieldName>
        <inputObjectQuerySequence>0.0</inputObjectQuerySequence>
        <linkedObjectSequence>0.0</linkedObjectSequence>
        <name>InsGetPolicyDetails</name>
        <outputCreationSequence>1.0</outputCreationSequence>
        <outputFieldName>SerialNumber</outputFieldName>
        <outputObjectName>json</outputObjectName>
        <requiredForUpsert>false</requiredForUpsert>
        <upsertKey>false</upsertKey>
    </omniDataTransformItem>
    <omniDataTransformItem>
        <disabled>false</disabled>
        <filterGroup>0.0</filterGroup>
        <formulaSequence>0.0</formulaSequence>
        <globalKey>InsGetPolicyDetailsCustoma0O3h000001bpLUEAYItem51</globalKey>
        <inputFieldName>Policy:Status</inputFieldName>
        <inputObjectQuerySequence>0.0</inputObjectQuerySequence>
        <linkedObjectSequence>0.0</linkedObjectSequence>
        <name>InsGetPolicyDetails</name>
        <outputCreationSequence>1.0</outputCreationSequence>
        <outputFieldName>Status</outputFieldName>
        <outputObjectName>json</outputObjectName>
        <requiredForUpsert>false</requiredForUpsert>
        <upsertKey>false</upsertKey>
    </omniDataTransformItem>
    <omniDataTransformItem>
        <disabled>false</disabled>
        <filterGroup>0.0</filterGroup>
        <globalKey>InsGetPolicyDetailsCustom3668</globalKey>
        <inputFieldName>InsPolicy:Status</inputFieldName>
        <inputObjectQuerySequence>0.0</inputObjectQuerySequence>
        <linkedObjectSequence>0.0</linkedObjectSequence>
        <name>InsGetPolicyDetails</name>
        <outputCreationSequence>1.0</outputCreationSequence>
        <outputFieldName>Status</outputFieldName>
        <outputObjectName>json</outputObjectName>
        <requiredForUpsert>false</requiredForUpsert>
        <upsertKey>false</upsertKey>
    </omniDataTransformItem>
    <omniDataTransformItem>
        <disabled>false</disabled>
        <filterGroup>0.0</filterGroup>
        <globalKey>InsGetPolicyDetailsCustom4742</globalKey>
        <inputFieldName>InsPolicy:TermTaxAmount</inputFieldName>
        <inputObjectQuerySequence>0.0</inputObjectQuerySequence>
        <linkedObjectSequence>0.0</linkedObjectSequence>
        <name>InsGetPolicyDetails</name>
        <outputCreationSequence>1.0</outputCreationSequence>
        <outputFieldName>TaxAmount</outputFieldName>
        <outputObjectName>json</outputObjectName>
        <requiredForUpsert>false</requiredForUpsert>
        <upsertKey>false</upsertKey>
    </omniDataTransformItem>
    <omniDataTransformItem>
        <disabled>false</disabled>
        <filterGroup>0.0</filterGroup>
        <filterOperator>=</filterOperator>
        <filterValue>Id</filterValue>
        <globalKey>InsGetPolicyDetailsCustom4939</globalKey>
        <inputFieldName>Id</inputFieldName>
        <inputObjectName>InsurancePolicy</inputObjectName>
        <inputObjectQuerySequence>2.0</inputObjectQuerySequence>
        <linkedObjectSequence>0.0</linkedObjectSequence>
        <name>InsGetPolicyDetails</name>
        <outputCreationSequence>0.0</outputCreationSequence>
        <outputFieldName>InsPolicy</outputFieldName>
        <outputObjectName>json</outputObjectName>
        <requiredForUpsert>false</requiredForUpsert>
        <upsertKey>false</upsertKey>
    </omniDataTransformItem>
    <omniDataTransformItem>
        <disabled>false</disabled>
        <filterGroup>0.0</filterGroup>
        <globalKey>InsGetPolicyDetailsCustom6130</globalKey>
        <inputFieldName>InsPolicy:PolicyTerm</inputFieldName>
        <inputObjectQuerySequence>0.0</inputObjectQuerySequence>
        <linkedObjectSequence>0.0</linkedObjectSequence>
        <name>InsGetPolicyDetails</name>
        <outputCreationSequence>1.0</outputCreationSequence>
        <outputFieldName>Term</outputFieldName>
        <outputObjectName>json</outputObjectName>
        <requiredForUpsert>false</requiredForUpsert>
        <upsertKey>false</upsertKey>
    </omniDataTransformItem>
    <omniDataTransformItem>
        <disabled>false</disabled>
        <filterGroup>0.0</filterGroup>
        <globalKey>InsGetPolicyDetailsCustom9474</globalKey>
        <inputFieldName>Policy:vlocity_ins__TotalTaxForTerm__c</inputFieldName>
        <inputObjectQuerySequence>0.0</inputObjectQuerySequence>
        <linkedObjectSequence>0.0</linkedObjectSequence>
        <name>InsGetPolicyDetails</name>
        <outputCreationSequence>1.0</outputCreationSequence>
        <outputFieldName>TaxAmount</outputFieldName>
        <outputObjectName>json</outputObjectName>
        <requiredForUpsert>false</requiredForUpsert>
        <upsertKey>false</upsertKey>
    </omniDataTransformItem>
    <omniDataTransformItem>
        <disabled>false</disabled>
        <filterGroup>0.0</filterGroup>
        <globalKey>InsGetPolicyDetailsCustom6122</globalKey>
        <inputFieldName>InsPolicy:TotalStandardAmount</inputFieldName>
        <inputObjectQuerySequence>0.0</inputObjectQuerySequence>
        <linkedObjectSequence>0.0</linkedObjectSequence>
        <name>InsGetPolicyDetails</name>
        <outputCreationSequence>1.0</outputCreationSequence>
        <outputFieldName>TotalAmount</outputFieldName>
        <outputObjectName>json</outputObjectName>
        <requiredForUpsert>false</requiredForUpsert>
        <upsertKey>false</upsertKey>
    </omniDataTransformItem>
    <omniDataTransformItem>
        <disabled>false</disabled>
        <filterGroup>0.0</filterGroup>
        <formulaSequence>0.0</formulaSequence>
        <globalKey>InsGetPolicyDetailsCustoma0O3h000001bpLUEAYItem52</globalKey>
        <inputFieldName>Policy:vlocity_ins__Term__c</inputFieldName>
        <inputObjectQuerySequence>0.0</inputObjectQuerySequence>
        <linkedObjectSequence>0.0</linkedObjectSequence>
        <name>InsGetPolicyDetails</name>
        <outputCreationSequence>1.0</outputCreationSequence>
        <outputFieldName>Term</outputFieldName>
        <outputObjectName>json</outputObjectName>
        <requiredForUpsert>false</requiredForUpsert>
        <upsertKey>false</upsertKey>
    </omniDataTransformItem>
    <omniDataTransformItem>
        <disabled>false</disabled>
        <filterGroup>0.0</filterGroup>
        <globalKey>InsGetPolicyDetailsCustom1967</globalKey>
        <inputFieldName>InsPolicy:GrossWrittenPremium</inputFieldName>
        <inputObjectQuerySequence>0.0</inputObjectQuerySequence>
        <linkedObjectSequence>0.0</linkedObjectSequence>
        <name>InsGetPolicyDetails</name>
        <outputCreationSequence>1.0</outputCreationSequence>
        <outputFieldName>TotalAmountForTerm</outputFieldName>
        <outputObjectName>json</outputObjectName>
        <requiredForUpsert>false</requiredForUpsert>
        <upsertKey>false</upsertKey>
    </omniDataTransformItem>
    <omniDataTransformItem>
        <disabled>false</disabled>
        <filterGroup>0.0</filterGroup>
        <globalKey>InsGetPolicyDetailsCustoma0O3h000001bpLUEAYItem57</globalKey>
        <inputFieldName>Policy:vlocity_ins__TotalAmount__c</inputFieldName>
        <inputObjectQuerySequence>0.0</inputObjectQuerySequence>
        <linkedObjectSequence>0.0</linkedObjectSequence>
        <name>InsGetPolicyDetails</name>
        <outputCreationSequence>1.0</outputCreationSequence>
        <outputFieldName>TotalAmount</outputFieldName>
        <outputObjectName>json</outputObjectName>
        <requiredForUpsert>false</requiredForUpsert>
        <upsertKey>false</upsertKey>
    </omniDataTransformItem>
    <omniDataTransformItem>
        <disabled>false</disabled>
        <filterGroup>0.0</filterGroup>
        <globalKey>InsGetPolicyDetailsCustom1959</globalKey>
        <inputFieldName>InsPolicy:TermPremiumAmount</inputFieldName>
        <inputObjectQuerySequence>0.0</inputObjectQuerySequence>
        <linkedObjectSequence>0.0</linkedObjectSequence>
        <name>InsGetPolicyDetails</name>
        <outputCreationSequence>1.0</outputCreationSequence>
        <outputFieldName>TotalPremiumForTerm</outputFieldName>
        <outputObjectName>json</outputObjectName>
        <requiredForUpsert>false</requiredForUpsert>
        <upsertKey>false</upsertKey>
    </omniDataTransformItem>
    <omniDataTransformItem>
        <disabled>false</disabled>
        <filterGroup>0.0</filterGroup>
        <globalKey>InsGetPolicyDetailsCustom8302</globalKey>
        <inputFieldName>Policy:vlocity_ins__TotalAmountForTerm__c</inputFieldName>
        <inputObjectQuerySequence>0.0</inputObjectQuerySequence>
        <linkedObjectSequence>0.0</linkedObjectSequence>
        <name>InsGetPolicyDetails</name>
        <outputCreationSequence>1.0</outputCreationSequence>
        <outputFieldName>TotalAmountForTerm</outputFieldName>
        <outputObjectName>json</outputObjectName>
        <requiredForUpsert>false</requiredForUpsert>
        <upsertKey>false</upsertKey>
    </omniDataTransformItem>
    <omniDataTransformItem>
        <disabled>false</disabled>
        <filterGroup>0.0</filterGroup>
        <filterOperator>=</filterOperator>
        <filterValue>Policy:AccountId</filterValue>
        <formulaSequence>0.0</formulaSequence>
        <globalKey>InsGetPolicyDetailsCustoma0O3h000001bpLUEAYItem3</globalKey>
        <inputFieldName>Id</inputFieldName>
        <inputObjectName>Account</inputObjectName>
        <inputObjectQuerySequence>3.0</inputObjectQuerySequence>
        <linkedObjectSequence>0.0</linkedObjectSequence>
        <name>InsGetPolicyDetails</name>
        <outputCreationSequence>0.0</outputCreationSequence>
        <outputFieldName>Policy:Policyholder</outputFieldName>
        <outputObjectName>json</outputObjectName>
        <requiredForUpsert>false</requiredForUpsert>
        <upsertKey>false</upsertKey>
    </omniDataTransformItem>
    <omniDataTransformItem>
        <disabled>false</disabled>
        <filterGroup>0.0</filterGroup>
        <formulaSequence>0.0</formulaSequence>
        <globalKey>InsGetPolicyDetailsCustoma0O3h000001bpLUEAYItem53</globalKey>
        <inputFieldName>Policy:vlocity_ins__TotalPremiumForTerm__c</inputFieldName>
        <inputObjectQuerySequence>0.0</inputObjectQuerySequence>
        <linkedObjectSequence>0.0</linkedObjectSequence>
        <name>InsGetPolicyDetails</name>
        <outputCreationSequence>1.0</outputCreationSequence>
        <outputFieldName>TotalPremiumForTerm</outputFieldName>
        <outputObjectName>json</outputObjectName>
        <requiredForUpsert>false</requiredForUpsert>
        <upsertKey>false</upsertKey>
    </omniDataTransformItem>
    <omniDataTransformItem>
        <disabled>false</disabled>
        <filterGroup>0.0</filterGroup>
        <formulaSequence>0.0</formulaSequence>
        <globalKey>InsGetPolicyDetailsCustoma0O3h000001bpLUEAYItem33</globalKey>
        <inputFieldName>Policy:vlocity_ins__PaymentMethodId__c</inputFieldName>
        <inputObjectQuerySequence>0.0</inputObjectQuerySequence>
        <linkedObjectSequence>0.0</linkedObjectSequence>
        <name>InsGetPolicyDetails</name>
        <outputCreationSequence>1.0</outputCreationSequence>
        <outputFieldName>PaymentMethod</outputFieldName>
        <outputObjectName>json</outputObjectName>
        <requiredForUpsert>false</requiredForUpsert>
        <upsertKey>false</upsertKey>
    </omniDataTransformItem>
    <omniDataTransformItem>
        <disabled>false</disabled>
        <filterGroup>0.0</filterGroup>
        <formulaSequence>0.0</formulaSequence>
        <globalKey>InsGetPolicyDetailsCustoma0O3h000001bpLUEAYItem31</globalKey>
        <inputFieldName>Policy:Name</inputFieldName>
        <inputObjectQuerySequence>0.0</inputObjectQuerySequence>
        <linkedObjectSequence>0.0</linkedObjectSequence>
        <name>InsGetPolicyDetails</name>
        <outputCreationSequence>1.0</outputCreationSequence>
        <outputFieldName>Name</outputFieldName>
        <outputObjectName>json</outputObjectName>
        <requiredForUpsert>false</requiredForUpsert>
        <upsertKey>false</upsertKey>
    </omniDataTransformItem>
    <omniDataTransformItem>
        <disabled>false</disabled>
        <filterGroup>0.0</filterGroup>
        <globalKey>InsGetPolicyDetailsCustoma0O3h000001bpLUEAYItem61</globalKey>
        <inputFieldName>Policy:vlocity_ins__BillingAccountId__r.vlocity_ins__AccountNumber__c</inputFieldName>
        <inputObjectQuerySequence>0.0</inputObjectQuerySequence>
        <linkedObjectSequence>0.0</linkedObjectSequence>
        <name>InsGetPolicyDetails</name>
        <outputCreationSequence>1.0</outputCreationSequence>
        <outputFieldName>PlanNumber</outputFieldName>
        <outputObjectName>json</outputObjectName>
        <requiredForUpsert>false</requiredForUpsert>
        <upsertKey>false</upsertKey>
    </omniDataTransformItem>
    <omniDataTransformItem>
        <disabled>false</disabled>
        <filterGroup>0.0</filterGroup>
        <filterOperator>LIMIT</filterOperator>
        <filterValue>5</filterValue>
        <formulaSequence>0.0</formulaSequence>
        <globalKey>InsGetPolicyDetailsCustoma0O3h000001bpLUEAYItem1</globalKey>
        <inputObjectName>Asset</inputObjectName>
        <inputObjectQuerySequence>1.0</inputObjectQuerySequence>
        <linkedObjectSequence>0.0</linkedObjectSequence>
        <name>InsGetPolicyDetails</name>
        <outputCreationSequence>0.0</outputCreationSequence>
        <outputFieldName>Policy</outputFieldName>
        <outputObjectName>json</outputObjectName>
        <requiredForUpsert>false</requiredForUpsert>
        <upsertKey>false</upsertKey>
    </omniDataTransformItem>
    <omniDataTransformItem>
        <disabled>false</disabled>
        <filterGroup>0.0</filterGroup>
        <formulaSequence>0.0</formulaSequence>
        <globalKey>InsGetPolicyDetailsCustoma0O3h000001bpLUEAYItem34</globalKey>
        <inputFieldName>Policy:Policyholder:BillingCity</inputFieldName>
        <inputObjectQuerySequence>0.0</inputObjectQuerySequence>
        <linkedObjectSequence>0.0</linkedObjectSequence>
        <name>InsGetPolicyDetails</name>
        <outputCreationSequence>1.0</outputCreationSequence>
        <outputFieldName>Policy:City</outputFieldName>
        <outputObjectName>json</outputObjectName>
        <requiredForUpsert>false</requiredForUpsert>
        <upsertKey>false</upsertKey>
    </omniDataTransformItem>
    <omniDataTransformItem>
        <disabled>false</disabled>
        <filterGroup>0.0</filterGroup>
        <formulaSequence>0.0</formulaSequence>
        <globalKey>InsGetPolicyDetailsCustoma0O3h000001bpLUEAYItem36</globalKey>
        <inputFieldName>Policy:Policyholder:BillingState</inputFieldName>
        <inputObjectQuerySequence>0.0</inputObjectQuerySequence>
        <linkedObjectSequence>0.0</linkedObjectSequence>
        <name>InsGetPolicyDetails</name>
        <outputCreationSequence>1.0</outputCreationSequence>
        <outputFieldName>Policy:State</outputFieldName>
        <outputObjectName>json</outputObjectName>
        <requiredForUpsert>false</requiredForUpsert>
        <upsertKey>false</upsertKey>
    </omniDataTransformItem>
    <omniDataTransformItem>
        <disabled>false</disabled>
        <filterGroup>0.0</filterGroup>
        <formulaSequence>0.0</formulaSequence>
        <globalKey>InsGetPolicyDetailsCustoma0O3h000001bpLUEAYItem35</globalKey>
        <inputFieldName>Policy:Policyholder:BillingPostalCode</inputFieldName>
        <inputObjectQuerySequence>0.0</inputObjectQuerySequence>
        <linkedObjectSequence>0.0</linkedObjectSequence>
        <name>InsGetPolicyDetails</name>
        <outputCreationSequence>1.0</outputCreationSequence>
        <outputFieldName>Policy:PostalCode</outputFieldName>
        <outputObjectName>json</outputObjectName>
        <requiredForUpsert>false</requiredForUpsert>
        <upsertKey>false</upsertKey>
    </omniDataTransformItem>
    <omniDataTransformItem>
        <disabled>false</disabled>
        <filterGroup>0.0</filterGroup>
        <formulaSequence>0.0</formulaSequence>
        <globalKey>InsGetPolicyDetailsCustoma0O3h000001bpLUEAYItem43</globalKey>
        <inputFieldName>Policy:Policyholder:Name</inputFieldName>
        <inputObjectQuerySequence>0.0</inputObjectQuerySequence>
        <linkedObjectSequence>0.0</linkedObjectSequence>
        <name>InsGetPolicyDetails</name>
        <outputCreationSequence>1.0</outputCreationSequence>
        <outputFieldName>Policyholder</outputFieldName>
        <outputObjectName>json</outputObjectName>
        <requiredForUpsert>false</requiredForUpsert>
        <upsertKey>false</upsertKey>
    </omniDataTransformItem>
    <omniDataTransformItem>
        <disabled>false</disabled>
        <filterGroup>0.0</filterGroup>
        <formulaSequence>0.0</formulaSequence>
        <globalKey>InsGetPolicyDetailsCustoma0O3h000001bpLUEAYItem37</globalKey>
        <inputFieldName>Policy:Policyholder:BillingStreet</inputFieldName>
        <inputObjectQuerySequence>0.0</inputObjectQuerySequence>
        <linkedObjectSequence>0.0</linkedObjectSequence>
        <name>InsGetPolicyDetails</name>
        <outputCreationSequence>1.0</outputCreationSequence>
        <outputFieldName>Policy:Street</outputFieldName>
        <outputObjectName>json</outputObjectName>
        <requiredForUpsert>false</requiredForUpsert>
        <upsertKey>false</upsertKey>
    </omniDataTransformItem>
    <omniDataTransformItem>
        <disabled>false</disabled>
        <filterGroup>0.0</filterGroup>
        <globalKey>InsGetPolicyDetailsCustom7162</globalKey>
        <inputFieldName>InsPolicy:Id</inputFieldName>
        <inputObjectQuerySequence>0.0</inputObjectQuerySequence>
        <linkedObjectSequence>0.0</linkedObjectSequence>
        <name>InsGetPolicyDetails</name>
        <outputCreationSequence>1.0</outputCreationSequence>
        <outputFieldName>Id</outputFieldName>
        <outputObjectName>json</outputObjectName>
        <requiredForUpsert>false</requiredForUpsert>
        <upsertKey>false</upsertKey>
    </omniDataTransformItem>
    <omniDataTransformItem>
        <disabled>false</disabled>
        <filterGroup>0.0</filterGroup>
        <globalKey>InsGetPolicyDetailsCustom5950</globalKey>
        <inputFieldName>InsPolicy:LastModifiedDate</inputFieldName>
        <inputObjectQuerySequence>0.0</inputObjectQuerySequence>
        <linkedObjectSequence>0.0</linkedObjectSequence>
        <name>InsGetPolicyDetails</name>
        <outputCreationSequence>1.0</outputCreationSequence>
        <outputFieldName>LastModifiedDate</outputFieldName>
        <outputObjectName>json</outputObjectName>
        <requiredForUpsert>false</requiredForUpsert>
        <upsertKey>false</upsertKey>
    </omniDataTransformItem>
    <omniDataTransformItem>
        <disabled>false</disabled>
        <filterGroup>0.0</filterGroup>
        <formulaSequence>0.0</formulaSequence>
        <globalKey>InsGetPolicyDetailsCustoma0O3h000001bpLUEAYItem26</globalKey>
        <inputFieldName>Policy:Id</inputFieldName>
        <inputObjectQuerySequence>0.0</inputObjectQuerySequence>
        <linkedObjectSequence>0.0</linkedObjectSequence>
        <name>InsGetPolicyDetails</name>
        <outputCreationSequence>1.0</outputCreationSequence>
        <outputFieldName>Id</outputFieldName>
        <outputObjectName>json</outputObjectName>
        <requiredForUpsert>false</requiredForUpsert>
        <upsertKey>false</upsertKey>
    </omniDataTransformItem>
    <omniDataTransformItem>
        <disabled>false</disabled>
        <filterGroup>0.0</filterGroup>
        <globalKey>InsGetPolicyDetailsCustom585</globalKey>
        <inputFieldName>InsPolicy:PolicyName</inputFieldName>
        <inputObjectQuerySequence>0.0</inputObjectQuerySequence>
        <linkedObjectSequence>0.0</linkedObjectSequence>
        <name>InsGetPolicyDetails</name>
        <outputCreationSequence>1.0</outputCreationSequence>
        <outputFieldName>Name</outputFieldName>
        <outputObjectName>json</outputObjectName>
        <requiredForUpsert>false</requiredForUpsert>
        <upsertKey>false</upsertKey>
    </omniDataTransformItem>
    <omniDataTransformItem>
        <disabled>false</disabled>
        <filterGroup>0.0</filterGroup>
        <formulaSequence>0.0</formulaSequence>
        <globalKey>InsGetPolicyDetailsCustoma0O3h000001bpLUEAYItem29</globalKey>
        <inputFieldName>Policy:LastModifiedDate</inputFieldName>
        <inputObjectQuerySequence>0.0</inputObjectQuerySequence>
        <linkedObjectSequence>0.0</linkedObjectSequence>
        <name>InsGetPolicyDetails</name>
        <outputCreationSequence>1.0</outputCreationSequence>
        <outputFieldName>LastModifiedDate</outputFieldName>
        <outputObjectName>json</outputObjectName>
        <requiredForUpsert>false</requiredForUpsert>
        <upsertKey>false</upsertKey>
    </omniDataTransformItem>
    <outputType>JSON</outputType>
    <previewJsonData>{
  &quot;Id&quot; : &quot;02i4W00000FBCawQAH&quot;
}</previewJsonData>
    <processSuperBulk>false</processSuperBulk>
    <responseCacheTtlMinutes>0.0</responseCacheTtlMinutes>
    <rollbackOnError>false</rollbackOnError>
    <sourceObject>json</sourceObject>
    <sourceObjectDefault>false</sourceObjectDefault>
    <synchronousProcessThreshold>0.0</synchronousProcessThreshold>
    <type>Extract</type>
    <uniqueName>InsGetPolicyDetails_1</uniqueName>
    <versionNumber>1.0</versionNumber>
    <xmlDeclarationRemoved>false</xmlDeclarationRemoved>
</OmniDataTransform>
