<?xml version="1.0" encoding="UTF-8"?>
<OmniDataTransform xmlns="http://soap.sforce.com/2006/04/metadata">
    <active>false</active>
    <assignmentRulesUsed>false</assignmentRulesUsed>
    <deletedOnSuccess>false</deletedOnSuccess>
    <description>ReadAccountBrokerDetail Used in Card Layout: np-agent-profile</description>
    <errorIgnored>false</errorIgnored>
    <fieldLevelSecurityEnabled>false</fieldLevelSecurityEnabled>
    <inputType>JSON</inputType>
    <name>InsReadAccountContactDetails</name>
    <nullInputsIncludedInOutput>false</nullInputsIncludedInOutput>
    <omniDataTransformItem>
        <disabled>false</disabled>
        <filterGroup>0.0</filterGroup>
        <formulaSequence>0.0</formulaSequence>
        <globalKey>InsReadAccountContactDetailsCustoma0O3h000001bqxUEAQItem8</globalKey>
        <inputFieldName>PrimaryBroker:MailingCountry</inputFieldName>
        <inputObjectQuerySequence>0.0</inputObjectQuerySequence>
        <linkedObjectSequence>0.0</linkedObjectSequence>
        <name>InsReadAccountContactDetails</name>
        <outputCreationSequence>1.0</outputCreationSequence>
        <outputFieldName>PrimaryBroker:MailingAddress:Country</outputFieldName>
        <outputObjectName>json</outputObjectName>
        <requiredForUpsert>false</requiredForUpsert>
        <upsertKey>false</upsertKey>
    </omniDataTransformItem>
    <omniDataTransformItem>
        <disabled>false</disabled>
        <filterGroup>0.0</filterGroup>
        <filterOperator>=</filterOperator>
        <filterValue>Id</filterValue>
        <formulaSequence>0.0</formulaSequence>
        <globalKey>InsReadAccountContactDetailsCustoma0O3h000001bqxUEAQItem0</globalKey>
        <inputFieldName>Id</inputFieldName>
        <inputObjectName>Account</inputObjectName>
        <inputObjectQuerySequence>1.0</inputObjectQuerySequence>
        <linkedObjectSequence>0.0</linkedObjectSequence>
        <name>InsReadAccountContactDetails</name>
        <outputCreationSequence>0.0</outputCreationSequence>
        <outputFieldName>Account</outputFieldName>
        <outputObjectName>json</outputObjectName>
        <requiredForUpsert>false</requiredForUpsert>
        <upsertKey>false</upsertKey>
    </omniDataTransformItem>
    <omniDataTransformItem>
        <disabled>false</disabled>
        <filterGroup>0.0</filterGroup>
        <formulaSequence>0.0</formulaSequence>
        <globalKey>InsReadAccountContactDetailsCustoma0O3h000001bqxUEAQItem9</globalKey>
        <inputFieldName>PrimaryBroker:MailingPostalCode</inputFieldName>
        <inputObjectQuerySequence>0.0</inputObjectQuerySequence>
        <linkedObjectSequence>0.0</linkedObjectSequence>
        <name>InsReadAccountContactDetails</name>
        <outputCreationSequence>1.0</outputCreationSequence>
        <outputFieldName>PrimaryBroker:MailingAddress:PostalCode</outputFieldName>
        <outputObjectName>json</outputObjectName>
        <requiredForUpsert>false</requiredForUpsert>
        <upsertKey>false</upsertKey>
    </omniDataTransformItem>
    <omniDataTransformItem>
        <disabled>false</disabled>
        <filterGroup>0.0</filterGroup>
        <formulaSequence>0.0</formulaSequence>
        <globalKey>InsReadAccountContactDetailsCustoma0O3h000001bqxUEAQItem11</globalKey>
        <inputFieldName>PrimaryBroker:MailingStreet</inputFieldName>
        <inputObjectQuerySequence>0.0</inputObjectQuerySequence>
        <linkedObjectSequence>0.0</linkedObjectSequence>
        <name>InsReadAccountContactDetails</name>
        <outputCreationSequence>1.0</outputCreationSequence>
        <outputFieldName>PrimaryBroker:MailingAddress:Street</outputFieldName>
        <outputObjectName>json</outputObjectName>
        <requiredForUpsert>false</requiredForUpsert>
        <upsertKey>false</upsertKey>
    </omniDataTransformItem>
    <omniDataTransformItem>
        <disabled>false</disabled>
        <filterGroup>0.0</filterGroup>
        <formulaSequence>0.0</formulaSequence>
        <globalKey>InsReadAccountContactDetailsCustoma0O3h000001bqxUEAQItem10</globalKey>
        <inputFieldName>PrimaryBroker:MailingState</inputFieldName>
        <inputObjectQuerySequence>0.0</inputObjectQuerySequence>
        <linkedObjectSequence>0.0</linkedObjectSequence>
        <name>InsReadAccountContactDetails</name>
        <outputCreationSequence>1.0</outputCreationSequence>
        <outputFieldName>PrimaryBroker:MailingAddress:State</outputFieldName>
        <outputObjectName>json</outputObjectName>
        <requiredForUpsert>false</requiredForUpsert>
        <upsertKey>false</upsertKey>
    </omniDataTransformItem>
    <omniDataTransformItem>
        <disabled>false</disabled>
        <filterGroup>0.0</filterGroup>
        <formulaSequence>0.0</formulaSequence>
        <globalKey>InsReadAccountContactDetailsCustoma0O3h000001bqxUEAQItem13</globalKey>
        <inputFieldName>PrimaryBroker:Phone</inputFieldName>
        <inputObjectQuerySequence>0.0</inputObjectQuerySequence>
        <linkedObjectSequence>0.0</linkedObjectSequence>
        <name>InsReadAccountContactDetails</name>
        <outputCreationSequence>1.0</outputCreationSequence>
        <outputFieldName>PrimaryBroker:Phone</outputFieldName>
        <outputObjectName>json</outputObjectName>
        <requiredForUpsert>false</requiredForUpsert>
        <upsertKey>false</upsertKey>
    </omniDataTransformItem>
    <omniDataTransformItem>
        <disabled>false</disabled>
        <filterGroup>0.0</filterGroup>
        <formulaSequence>0.0</formulaSequence>
        <globalKey>InsReadAccountContactDetailsCustoma0O3h000001bqxUEAQItem12</globalKey>
        <inputFieldName>PrimaryBroker:Name</inputFieldName>
        <inputObjectQuerySequence>0.0</inputObjectQuerySequence>
        <linkedObjectSequence>0.0</linkedObjectSequence>
        <name>InsReadAccountContactDetails</name>
        <outputCreationSequence>1.0</outputCreationSequence>
        <outputFieldName>PrimaryBroker:Name</outputFieldName>
        <outputObjectName>json</outputObjectName>
        <requiredForUpsert>false</requiredForUpsert>
        <upsertKey>false</upsertKey>
    </omniDataTransformItem>
    <omniDataTransformItem>
        <disabled>false</disabled>
        <filterGroup>0.0</filterGroup>
        <formulaSequence>0.0</formulaSequence>
        <globalKey>InsReadAccountContactDetailsCustoma0O3h000001bqxUEAQItem16</globalKey>
        <inputFieldName>PrimaryBroker:vlocity_ins__WebSite__c</inputFieldName>
        <inputObjectQuerySequence>0.0</inputObjectQuerySequence>
        <linkedObjectSequence>0.0</linkedObjectSequence>
        <name>InsReadAccountContactDetails</name>
        <outputCreationSequence>1.0</outputCreationSequence>
        <outputFieldName>PrimaryBroker:WebSite</outputFieldName>
        <outputObjectName>json</outputObjectName>
        <requiredForUpsert>false</requiredForUpsert>
        <upsertKey>false</upsertKey>
    </omniDataTransformItem>
    <omniDataTransformItem>
        <disabled>false</disabled>
        <filterGroup>0.0</filterGroup>
        <formulaSequence>0.0</formulaSequence>
        <globalKey>InsReadAccountContactDetailsCustoma0O3h000001bqxUEAQItem14</globalKey>
        <inputFieldName>PrimaryBroker:Title</inputFieldName>
        <inputObjectQuerySequence>0.0</inputObjectQuerySequence>
        <linkedObjectSequence>0.0</linkedObjectSequence>
        <name>InsReadAccountContactDetails</name>
        <outputCreationSequence>1.0</outputCreationSequence>
        <outputFieldName>PrimaryBroker:Title</outputFieldName>
        <outputObjectName>json</outputObjectName>
        <requiredForUpsert>false</requiredForUpsert>
        <upsertKey>false</upsertKey>
    </omniDataTransformItem>
    <omniDataTransformItem>
        <disabled>false</disabled>
        <filterGroup>0.0</filterGroup>
        <globalKey>InsReadAccountContactDetailsCustom4893</globalKey>
        <inputFieldName>agentDetailsFormula</inputFieldName>
        <inputObjectQuerySequence>0.0</inputObjectQuerySequence>
        <linkedObjectSequence>0.0</linkedObjectSequence>
        <name>InsReadAccountContactDetails</name>
        <outputCreationSequence>1.0</outputCreationSequence>
        <outputFieldName>agentDetails</outputFieldName>
        <outputObjectName>json</outputObjectName>
        <requiredForUpsert>false</requiredForUpsert>
        <upsertKey>false</upsertKey>
    </omniDataTransformItem>
    <omniDataTransformItem>
        <disabled>false</disabled>
        <filterGroup>0.0</filterGroup>
        <formulaSequence>0.0</formulaSequence>
        <globalKey>InsReadAccountContactDetailsCustoma0O3h000001bqxUEAQItem4</globalKey>
        <inputFieldName>Account:vlocity_ins__PrimaryBroker__c</inputFieldName>
        <inputObjectQuerySequence>0.0</inputObjectQuerySequence>
        <linkedObjectSequence>0.0</linkedObjectSequence>
        <name>InsReadAccountContactDetails</name>
        <outputCreationSequence>1.0</outputCreationSequence>
        <outputFieldName>PrimaryContactId</outputFieldName>
        <outputObjectName>json</outputObjectName>
        <requiredForUpsert>false</requiredForUpsert>
        <upsertKey>false</upsertKey>
    </omniDataTransformItem>
    <omniDataTransformItem>
        <disabled>false</disabled>
        <filterGroup>0.0</filterGroup>
        <formulaConverted>| var:PrimaryBroker:MailingStreet &apos;,/\/\/&apos; var:PrimaryBroker:MailingCity &apos;,/\/\/&apos; var:PrimaryBroker:MailingState &apos;,/\/\/&apos; var:PrimaryBroker:MailingCountry &apos;/\/\/&apos; var:PrimaryBroker:MailingPostalCode CONCAT</formulaConverted>
        <formulaExpression>CONCAT(PrimaryBroker:MailingStreet, &apos;, &apos;, PrimaryBroker:MailingCity, &apos;, &apos;, PrimaryBroker:MailingState, &apos;, &apos;, PrimaryBroker:MailingCountry, &apos; &apos;, PrimaryBroker:MailingPostalCode)</formulaExpression>
        <formulaResultPath>agentDetailsFormula</formulaResultPath>
        <formulaSequence>1.0</formulaSequence>
        <globalKey>InsReadAccountContactDetailsCustom1033</globalKey>
        <inputObjectQuerySequence>0.0</inputObjectQuerySequence>
        <linkedObjectSequence>0.0</linkedObjectSequence>
        <name>InsReadAccountContactDetails</name>
        <outputCreationSequence>0.0</outputCreationSequence>
        <outputFieldName>Formula</outputFieldName>
        <outputObjectName>Formula</outputObjectName>
        <requiredForUpsert>false</requiredForUpsert>
        <upsertKey>false</upsertKey>
    </omniDataTransformItem>
    <omniDataTransformItem>
        <disabled>false</disabled>
        <filterGroup>0.0</filterGroup>
        <filterOperator>=</filterOperator>
        <filterValue>Account:vlocity_ins__PrimaryBroker__c</filterValue>
        <formulaSequence>0.0</formulaSequence>
        <globalKey>InsReadAccountContactDetailsCustoma0O3h000001bqxUEAQItem1</globalKey>
        <inputFieldName>Id</inputFieldName>
        <inputObjectName>Contact</inputObjectName>
        <inputObjectQuerySequence>2.0</inputObjectQuerySequence>
        <linkedObjectSequence>0.0</linkedObjectSequence>
        <name>InsReadAccountContactDetails</name>
        <outputCreationSequence>0.0</outputCreationSequence>
        <outputFieldName>PrimaryBroker</outputFieldName>
        <outputObjectName>json</outputObjectName>
        <requiredForUpsert>false</requiredForUpsert>
        <upsertKey>false</upsertKey>
    </omniDataTransformItem>
    <omniDataTransformItem>
        <disabled>false</disabled>
        <filterGroup>0.0</filterGroup>
        <formulaSequence>0.0</formulaSequence>
        <globalKey>InsReadAccountContactDetailsCustoma0O3h000001bqxUEAQItem3</globalKey>
        <inputFieldName>PrimaryBroker:Name</inputFieldName>
        <inputObjectQuerySequence>0.0</inputObjectQuerySequence>
        <linkedObjectSequence>0.0</linkedObjectSequence>
        <name>InsReadAccountContactDetails</name>
        <outputCreationSequence>1.0</outputCreationSequence>
        <outputFieldName>Name</outputFieldName>
        <outputObjectName>json</outputObjectName>
        <requiredForUpsert>false</requiredForUpsert>
        <upsertKey>false</upsertKey>
    </omniDataTransformItem>
    <omniDataTransformItem>
        <disabled>false</disabled>
        <filterGroup>0.0</filterGroup>
        <formulaSequence>0.0</formulaSequence>
        <globalKey>InsReadAccountContactDetailsCustoma0O3h000001bqxUEAQItem2</globalKey>
        <inputFieldName>Account:Id</inputFieldName>
        <inputObjectQuerySequence>0.0</inputObjectQuerySequence>
        <linkedObjectSequence>0.0</linkedObjectSequence>
        <name>InsReadAccountContactDetails</name>
        <outputCreationSequence>1.0</outputCreationSequence>
        <outputFieldName>Id</outputFieldName>
        <outputObjectName>json</outputObjectName>
        <requiredForUpsert>false</requiredForUpsert>
        <upsertKey>false</upsertKey>
    </omniDataTransformItem>
    <omniDataTransformItem>
        <disabled>false</disabled>
        <filterGroup>0.0</filterGroup>
        <formulaSequence>0.0</formulaSequence>
        <globalKey>InsReadAccountContactDetailsCustoma0O3h000001bqxUEAQItem6</globalKey>
        <inputFieldName>PrimaryBroker:Id</inputFieldName>
        <inputObjectQuerySequence>0.0</inputObjectQuerySequence>
        <linkedObjectSequence>0.0</linkedObjectSequence>
        <name>InsReadAccountContactDetails</name>
        <outputCreationSequence>1.0</outputCreationSequence>
        <outputFieldName>PrimaryBroker:Id</outputFieldName>
        <outputObjectName>json</outputObjectName>
        <requiredForUpsert>false</requiredForUpsert>
        <upsertKey>false</upsertKey>
    </omniDataTransformItem>
    <omniDataTransformItem>
        <disabled>false</disabled>
        <filterGroup>0.0</filterGroup>
        <formulaSequence>0.0</formulaSequence>
        <globalKey>InsReadAccountContactDetailsCustoma0O3h000001bqxUEAQItem5</globalKey>
        <inputFieldName>PrimaryBroker:Email</inputFieldName>
        <inputObjectQuerySequence>0.0</inputObjectQuerySequence>
        <linkedObjectSequence>0.0</linkedObjectSequence>
        <name>InsReadAccountContactDetails</name>
        <outputCreationSequence>1.0</outputCreationSequence>
        <outputFieldName>PrimaryBroker:Email</outputFieldName>
        <outputObjectName>json</outputObjectName>
        <requiredForUpsert>false</requiredForUpsert>
        <upsertKey>false</upsertKey>
    </omniDataTransformItem>
    <omniDataTransformItem>
        <disabled>false</disabled>
        <filterGroup>0.0</filterGroup>
        <formulaSequence>0.0</formulaSequence>
        <globalKey>InsReadAccountContactDetailsCustoma0O3h000001bqxUEAQItem7</globalKey>
        <inputFieldName>PrimaryBroker:MailingCity</inputFieldName>
        <inputObjectQuerySequence>0.0</inputObjectQuerySequence>
        <linkedObjectSequence>0.0</linkedObjectSequence>
        <name>InsReadAccountContactDetails</name>
        <outputCreationSequence>1.0</outputCreationSequence>
        <outputFieldName>PrimaryBroker:MailingAddress:City</outputFieldName>
        <outputObjectName>json</outputObjectName>
        <requiredForUpsert>false</requiredForUpsert>
        <transformValuesMappings>{ }</transformValuesMappings>
        <upsertKey>false</upsertKey>
    </omniDataTransformItem>
    <omniDataTransformItem>
        <disabled>false</disabled>
        <filterGroup>0.0</filterGroup>
        <formulaSequence>0.0</formulaSequence>
        <globalKey>InsReadAccountContactDetailsCustoma0O3h000001bqxUEAQItem15</globalKey>
        <inputFieldName>PrimaryBroker:vlocity_ins__Image__c</inputFieldName>
        <inputObjectQuerySequence>0.0</inputObjectQuerySequence>
        <linkedObjectSequence>0.0</linkedObjectSequence>
        <name>InsReadAccountContactDetails</name>
        <outputCreationSequence>1.0</outputCreationSequence>
        <outputFieldName>PrimaryBroker:Image</outputFieldName>
        <outputObjectName>json</outputObjectName>
        <requiredForUpsert>false</requiredForUpsert>
        <upsertKey>false</upsertKey>
    </omniDataTransformItem>
    <outputType>JSON</outputType>
    <previewJsonData>{
  &quot;Id&quot; : &quot;0013i00000BjUnCAAV&quot;
}</previewJsonData>
    <processSuperBulk>false</processSuperBulk>
    <responseCacheTtlMinutes>0.0</responseCacheTtlMinutes>
    <rollbackOnError>false</rollbackOnError>
    <sourceObject>json</sourceObject>
    <sourceObjectDefault>false</sourceObjectDefault>
    <synchronousProcessThreshold>0.0</synchronousProcessThreshold>
    <type>Extract</type>
    <uniqueName>InsReadAccountContactDetails_1</uniqueName>
    <versionNumber>1.0</versionNumber>
    <xmlDeclarationRemoved>false</xmlDeclarationRemoved>
</OmniDataTransform>
