<?xml version="1.0" encoding="UTF-8"?>
<OmniDataTransform xmlns="http://soap.sforce.com/2006/04/metadata">
    <active>false</active>
    <assignmentRulesUsed>false</assignmentRulesUsed>
    <deletedOnSuccess>false</deletedOnSuccess>
    <errorIgnored>false</errorIgnored>
    <expectedInputJson>{
  &quot;CreateInteraction&quot; : {
    &quot;vlocity_ins__CustomerInteraction__c_1&quot; : [ {
      &quot;vlocity_ins__AccountId__c&quot; : &quot;001o0000013yfxGAAQ&quot;,
      &quot;vlocity_ins__ContactId__c&quot; : &quot;0036A000008tt28QAA&quot;,
      &quot;Id&quot; : &quot;a3U1J000000GtqdUAC&quot;,
      &quot;UpsertSuccess&quot; : true
    } ],
    &quot;debugLog&quot; : [ ],
    &quot;error&quot; : false,
    &quot;responseType&quot; : &quot;SObject&quot;
  },
  &quot;CreateInteractionStatus&quot; : true,
  &quot;options&quot; : {
    &quot;isDebug&quot; : true
  },
  &quot;recordId&quot; : &quot;001o0000013yfxG&quot;,
  &quot;response&quot; : { }
}</expectedInputJson>
    <fieldLevelSecurityEnabled>false</fieldLevelSecurityEnabled>
    <inputType>JSON</inputType>
    <name>TransformNewInteraction</name>
    <nullInputsIncludedInOutput>false</nullInputsIncludedInOutput>
    <omniDataTransformItem>
        <disabled>false</disabled>
        <filterGroup>0.0</filterGroup>
        <formulaSequence>0.0</formulaSequence>
        <globalKey>TransformNewInteractionCustom1421</globalKey>
        <inputFieldName>CreateInteraction:vlocity_ins__CustomerInteraction__c_1:Name</inputFieldName>
        <inputObjectName>json</inputObjectName>
        <inputObjectQuerySequence>0.0</inputObjectQuerySequence>
        <linkedObjectSequence>0.0</linkedObjectSequence>
        <name>TransformNewInteraction</name>
        <outputCreationSequence>1.0</outputCreationSequence>
        <outputFieldName>NewInteraction:Name</outputFieldName>
        <outputObjectName>json</outputObjectName>
        <requiredForUpsert>false</requiredForUpsert>
        <upsertKey>false</upsertKey>
    </omniDataTransformItem>
    <omniDataTransformItem>
        <disabled>false</disabled>
        <filterGroup>0.0</filterGroup>
        <formulaSequence>0.0</formulaSequence>
        <globalKey>TransformNewInteractionCustom3616</globalKey>
        <inputFieldName>CreateInteraction:vlocity_ins__CustomerInteraction__c_1:Id</inputFieldName>
        <inputObjectName>json</inputObjectName>
        <inputObjectQuerySequence>0.0</inputObjectQuerySequence>
        <linkedObjectSequence>0.0</linkedObjectSequence>
        <name>TransformNewInteraction</name>
        <outputCreationSequence>1.0</outputCreationSequence>
        <outputFieldName>NewInteraction:Id</outputFieldName>
        <outputObjectName>json</outputObjectName>
        <requiredForUpsert>false</requiredForUpsert>
        <upsertKey>false</upsertKey>
    </omniDataTransformItem>
    <omniDataTransformItem>
        <disabled>false</disabled>
        <filterGroup>0.0</filterGroup>
        <formulaSequence>0.0</formulaSequence>
        <globalKey>TransformNewInteractionCustom1916</globalKey>
        <inputFieldName>CreateInteraction:vlocity_ins__CustomerInteraction__c_1:vlocity_ins__ContactId__c</inputFieldName>
        <inputObjectName>json</inputObjectName>
        <inputObjectQuerySequence>0.0</inputObjectQuerySequence>
        <linkedObjectSequence>0.0</linkedObjectSequence>
        <name>TransformNewInteraction</name>
        <outputCreationSequence>1.0</outputCreationSequence>
        <outputFieldName>NewInteraction:ContactId</outputFieldName>
        <outputObjectName>json</outputObjectName>
        <requiredForUpsert>false</requiredForUpsert>
        <upsertKey>false</upsertKey>
    </omniDataTransformItem>
    <omniDataTransformItem>
        <disabled>false</disabled>
        <filterGroup>0.0</filterGroup>
        <formulaSequence>0.0</formulaSequence>
        <globalKey>TransformNewInteractionCustom4994</globalKey>
        <inputFieldName>CreateInteraction:vlocity_ins__CustomerInteraction__c_1:vlocity_ins__AccountId__c</inputFieldName>
        <inputObjectName>json</inputObjectName>
        <inputObjectQuerySequence>0.0</inputObjectQuerySequence>
        <linkedObjectSequence>0.0</linkedObjectSequence>
        <name>TransformNewInteraction</name>
        <outputCreationSequence>1.0</outputCreationSequence>
        <outputFieldName>NewInteraction:AccountId</outputFieldName>
        <outputObjectName>json</outputObjectName>
        <requiredForUpsert>false</requiredForUpsert>
        <upsertKey>false</upsertKey>
    </omniDataTransformItem>
    <outputType>JSON</outputType>
    <previewJsonData>{
  &quot;recordId&quot; : &quot;001o0000013yfxG&quot;,
  &quot;options&quot; : {
    &quot;isDebug&quot; : true
  },
  &quot;response&quot; : { },
  &quot;CreateInteractionStatus&quot; : true,
  &quot;CreateInteraction&quot; : {
    &quot;responseType&quot; : &quot;SObject&quot;,
    &quot;error&quot; : false,
    &quot;vlocity_ins__CustomerInteraction__c_1&quot; : [ {
      &quot;vlocity_ins__AccountId__c&quot; : &quot;001o0000013yfxGAAQ&quot;,
      &quot;Id&quot; : &quot;a3U1J000000GtqdUAC&quot;,
      &quot;UpsertSuccess&quot; : true
    } ],
    &quot;debugLog&quot; : [ ]
  }
}</previewJsonData>
    <processSuperBulk>false</processSuperBulk>
    <responseCacheTtlMinutes>0.0</responseCacheTtlMinutes>
    <rollbackOnError>false</rollbackOnError>
    <sourceObject>json</sourceObject>
    <sourceObjectDefault>false</sourceObjectDefault>
    <synchronousProcessThreshold>0.0</synchronousProcessThreshold>
    <type>Transform</type>
    <uniqueName>TransformNewInteraction_1</uniqueName>
    <versionNumber>1.0</versionNumber>
    <xmlDeclarationRemoved>false</xmlDeclarationRemoved>
</OmniDataTransform>
